Archive member included because of file (symbol)

C:\Juegos\Arduino\Buran\libraries\packages\arduino\hardware\sam\1.6.9\variants\arduino_due_x/libsam_sam3x8e_gcc_rel.a(pio.o)
                              C:\Users\ray-o\AppData\Local\Temp\VMBuilds\Escaner_direcciones_I2C\arduino_due_x_dbg\Wire\Wire.cpp.o (PIO_Configure)
C:\Juegos\Arduino\Buran\libraries\packages\arduino\hardware\sam\1.6.9\variants\arduino_due_x/libsam_sam3x8e_gcc_rel.a(pmc.o)
                              C:\Users\ray-o\AppData\Local\Temp\VMBuilds\Escaner_direcciones_I2C\arduino_due_x_dbg\Wire\Wire.cpp.o (pmc_enable_periph_clk)
C:\Juegos\Arduino\Buran\libraries\packages\arduino\hardware\sam\1.6.9\variants\arduino_due_x/libsam_sam3x8e_gcc_rel.a(twi.o)
                              C:\Users\ray-o\AppData\Local\Temp\VMBuilds\Escaner_direcciones_I2C\arduino_due_x_dbg\Wire\Wire.cpp.o (TWI_SetClock)
C:\Juegos\Arduino\Buran\libraries\packages\arduino\hardware\sam\1.6.9\variants\arduino_due_x/libsam_sam3x8e_gcc_rel.a(system_sam3xa.o)
                              C:\Users\ray-o\AppData\Local\Temp\VMBuilds\Escaner_direcciones_I2C\arduino_due_x_dbg\variant\variant.cpp.o (SystemInit)
C:\Juegos\Arduino\Buran\libraries\packages\arduino\hardware\sam\1.6.9\variants\arduino_due_x/libsam_sam3x8e_gcc_rel.a(startup_sam3xa.o)
                              (Reset_Handler)
C:\Juegos\Arduino\Buran\libraries\packages\arduino\hardware\sam\1.6.9\variants\arduino_due_x/libsam_sam3x8e_gcc_rel.a(adc.o)
                              C:\Users\ray-o\AppData\Local\Temp\VMBuilds\Escaner_direcciones_I2C\arduino_due_x_dbg\variant\variant.cpp.o (adc_init)
C:\Juegos\Arduino\Buran\libraries\packages\arduino\hardware\sam\1.6.9\variants\arduino_due_x/libsam_sam3x8e_gcc_rel.a(uotghs.o)
                              C:\Juegos\Arduino\Buran\libraries\packages\arduino\hardware\sam\1.6.9\variants\arduino_due_x/libsam_sam3x8e_gcc_rel.a(startup_sam3xa.o) (UOTGHS_Handler)
C:\Users\ray-o\AppData\Local\Temp\VMBuilds\Escaner_direcciones_I2C\arduino_due_x_dbg/core.a(cortex_handlers.c.o)
                              C:\Juegos\Arduino\Buran\libraries\packages\arduino\hardware\sam\1.6.9\variants\arduino_due_x/libsam_sam3x8e_gcc_rel.a(startup_sam3xa.o) (NMI_Handler)
C:\Users\ray-o\AppData\Local\Temp\VMBuilds\Escaner_direcciones_I2C\arduino_due_x_dbg/core.a(hooks.c.o)
                              C:\Users\ray-o\AppData\Local\Temp\VMBuilds\Escaner_direcciones_I2C\arduino_due_x_dbg/core.a(cortex_handlers.c.o) (sysTickHook)
C:\Users\ray-o\AppData\Local\Temp\VMBuilds\Escaner_direcciones_I2C\arduino_due_x_dbg/core.a(syscalls_sam3.c.o)
                              (_sbrk)
C:\Users\ray-o\AppData\Local\Temp\VMBuilds\Escaner_direcciones_I2C\arduino_due_x_dbg/core.a(wiring.c.o)
                              C:\Users\ray-o\AppData\Local\Temp\VMBuilds\Escaner_direcciones_I2C\arduino_due_x_dbg\Escaner_direcciones_I2C.cpp.o (delay)
C:\Users\ray-o\AppData\Local\Temp\VMBuilds\Escaner_direcciones_I2C\arduino_due_x_dbg/core.a(wiring_analog.c.o)
                              C:\Users\ray-o\AppData\Local\Temp\VMBuilds\Escaner_direcciones_I2C\arduino_due_x_dbg\variant\variant.cpp.o (analogOutputInit)
C:\Users\ray-o\AppData\Local\Temp\VMBuilds\Escaner_direcciones_I2C\arduino_due_x_dbg/core.a(wiring_digital.c.o)
                              C:\Users\ray-o\AppData\Local\Temp\VMBuilds\Escaner_direcciones_I2C\arduino_due_x_dbg/core.a(wiring_analog.c.o) (pinMode)
C:\Users\ray-o\AppData\Local\Temp\VMBuilds\Escaner_direcciones_I2C\arduino_due_x_dbg/core.a(abi.cpp.o)
                              C:\Users\ray-o\AppData\Local\Temp\VMBuilds\Escaner_direcciones_I2C\arduino_due_x_dbg\Wire\Wire.cpp.o (__cxa_pure_virtual)
C:\Users\ray-o\AppData\Local\Temp\VMBuilds\Escaner_direcciones_I2C\arduino_due_x_dbg/core.a(main.cpp.o)
                              c:/juegos/arduino/buran/libraries/packages/arduino/tools/arm-none-eabi-gcc/4.8.3-2014q1/bin/../lib/gcc/arm-none-eabi/4.8.3/../../../../arm-none-eabi/lib/armv7-m/crt0.o (main)
C:\Users\ray-o\AppData\Local\Temp\VMBuilds\Escaner_direcciones_I2C\arduino_due_x_dbg/core.a(Print.cpp.o)
                              C:\Users\ray-o\AppData\Local\Temp\VMBuilds\Escaner_direcciones_I2C\arduino_due_x_dbg\Wire\Wire.cpp.o (Print::write(unsigned char const*, unsigned int))
C:\Users\ray-o\AppData\Local\Temp\VMBuilds\Escaner_direcciones_I2C\arduino_due_x_dbg/core.a(Reset.cpp.o)
                              C:\Users\ray-o\AppData\Local\Temp\VMBuilds\Escaner_direcciones_I2C\arduino_due_x_dbg/core.a(cortex_handlers.c.o) (tickReset)
C:\Users\ray-o\AppData\Local\Temp\VMBuilds\Escaner_direcciones_I2C\arduino_due_x_dbg/core.a(RingBuffer.cpp.o)
                              C:\Users\ray-o\AppData\Local\Temp\VMBuilds\Escaner_direcciones_I2C\arduino_due_x_dbg\variant\variant.cpp.o (RingBuffer::RingBuffer())
C:\Users\ray-o\AppData\Local\Temp\VMBuilds\Escaner_direcciones_I2C\arduino_due_x_dbg/core.a(UARTClass.cpp.o)
[...]
Memory Configuration

Name             Origin             Length             Attributes
rom              0x00080000         0x00080000         xr
sram0            0x20000000         0x00010000         xrw
sram1            0x20080000         0x00008000         xrw
ram              0x20070000         0x00018000         xrw
*default*        0x00000000         0xffffffff

Linker script and memory map

LOAD c:/juegos/arduino/buran/libraries/packages/arduino/tools/arm-none-eabi-gcc/4.8.3-2014q1/bin/../lib/gcc/arm-none-eabi/4.8.3/armv7-m/crti.o
LOAD c:/juegos/arduino/buran/libraries/packages/arduino/tools/arm-none-eabi-gcc/4.8.3-2014q1/bin/../lib/gcc/arm-none-eabi/4.8.3/armv7-m/crtbegin.o
LOAD c:/juegos/arduino/buran/libraries/packages/arduino/tools/arm-none-eabi-gcc/4.8.3-2014q1/bin/../lib/gcc/arm-none-eabi/4.8.3/../../../../arm-none-eabi/lib/armv7-m/crt0.o
START GROUP
LOAD C:\Users\ray-o\AppData\Local\Temp\VMBuilds\Escaner_direcciones_I2C\arduino_due_x_dbg\Escaner_direcciones_I2C.cpp.o
LOAD C:\Users\ray-o\AppData\Local\Temp\VMBuilds\Escaner_direcciones_I2C\arduino_due_x_dbg\Wire\Wire.cpp.o
LOAD C:\Users\ray-o\AppData\Local\Temp\VMBuilds\Escaner_direcciones_I2C\arduino_due_x_dbg\variant\variant.cpp.o
LOAD C:\Juegos\Arduino\Buran\libraries\packages\arduino\hardware\sam\1.6.9\variants\arduino_due_x/libsam_sam3x8e_gcc_rel.a
LOAD C:\Users\ray-o\AppData\Local\Temp\VMBuilds\Escaner_direcciones_I2C\arduino_due_x_dbg/core.a
END GROUP
LOAD c:/juegos/arduino/buran/libraries/packages/arduino/tools/arm-none-eabi-gcc/4.8.3-2014q1/bin/../lib/gcc/arm-none-eabi/4.8.3/../../../../arm-none-eabi/lib/armv7-m\libm.a
START GROUP
LOAD c:/juegos/arduino/buran/libraries/packages/arduino/tools/arm-none-eabi-gcc/4.8.3-2014q1/bin/../lib/gcc/arm-none-eabi/4.8.3/armv7-m\libgcc.a
LOAD c:/juegos/arduino/buran/libraries/packages/arduino/tools/arm-none-eabi-gcc/4.8.3-2014q1/bin/../lib/gcc/arm-none-eabi/4.8.3/../../../../arm-none-eabi/lib/armv7-m\libg.a
LOAD c:/juegos/arduino/buran/libraries/packages/arduino/tools/arm-none-eabi-gcc/4.8.3-2014q1/bin/../lib/gcc/arm-none-eabi/4.8.3/../../../../arm-none-eabi/lib/armv7-m\libc.a
END GROUP
LOAD c:/juegos/arduino/buran/libraries/packages/arduino/tools/arm-none-eabi-gcc/4.8.3-2014q1/bin/../lib/gcc/arm-none-eabi/4.8.3/armv7-m/crtend.o
LOAD c:/juegos/arduino/buran/libraries/packages/arduino/tools/arm-none-eabi-gcc/4.8.3-2014q1/bin/../lib/gcc/arm-none-eabi/4.8.3/armv7-m/crtn.o

.text           0x00080000     0x6120
                0x00080000                . = ALIGN (0x4)
                0x00080000                _sfixed = .
 *(.vectors .vectors.*)
 .vectors       0x00080000       0xf4 C:\Juegos\Arduino\Buran\libraries\packages\arduino\hardware\sam\1.6.9\variants\arduino_due_x/libsam_sam3x8e_gcc_rel.a(startup_sam3xa.o)
                0x00080000                exception_table
 *(.text .text.* .gnu.linkonce.t.*)
 .text          0x000800f4       0x54 c:/juegos/arduino/buran/libraries/packages/arduino/tools/arm-none-eabi-gcc/4.8.3-2014q1/bin/../lib/gcc/arm-none-eabi/4.8.3/armv7-m/crtbegin.o
 .text.loop     0x00080148       0xa4 C:\Users\ray-o\AppData\Local\Temp\VMBuilds\Escaner_direcciones_I2C\arduino_due_x_dbg\Escaner_direcciones_I2C.cpp.o
                0x00080148                loop
 .text.setup    0x000801ec       0x2c C:\Users\ray-o\AppData\Local\Temp\VMBuilds\Escaner_direcciones_I2C\arduino_due_x_dbg\Escaner_direcciones_I2C.cpp.o
                0x000801ec                setup
 .text._ZN7TwoWire5writeEPKhj
                0x00080218       0x50 C:\Users\ray-o\AppData\Local\Temp\VMBuilds\Escaner_direcciones_I2C\arduino_due_x_dbg\Wire\Wire.cpp.o
                0x00080218                TwoWire::write(unsigned char const*, unsigned int)
 .text._ZN7TwoWire9availableEv
                0x00080268        0xc C:\Users\ray-o\AppData\Local\Temp\VMBuilds\Escaner_direcciones_I2C\arduino_due_x_dbg\Wire\Wire.cpp.o
                0x00080268                TwoWire::available()
 .text._ZN7TwoWire4readEv
                0x00080274       0x1e C:\Users\ray-o\AppData\Local\Temp\VMBuilds\Escaner_direcciones_I2C\arduino_due_x_dbg\Wire\Wire.cpp.o
                0x00080274                TwoWire::read()
 .text._ZN7TwoWire4peekEv
                0x00080292       0x16 C:\Users\ray-o\AppData\Local\Temp\VMBuilds\Escaner_direcciones_I2C\arduino_due_x_dbg\Wire\Wire.cpp.o
                0x00080292                TwoWire::peek()
 .text._ZN7TwoWire5flushEv
                0x000802a8        0x2 C:\Users\ray-o\AppData\Local\Temp\VMBuilds\Escaner_direcciones_I2C\arduino_due_x_dbg\Wire\Wire.cpp.o
                0x000802a8                TwoWire::flush()
 .text._ZN7TwoWire5writeEh
                0x000802aa       0x3a C:\Users\ray-o\AppData\Local\Temp\VMBuilds\Escaner_direcciones_I2C\arduino_due_x_dbg\Wire\Wire.cpp.o
                0x000802aa                TwoWire::write(unsigned char)
 .text._ZL16TWI_WaitByteSentP3Twim.constprop.3
                0x000802e4       0x2c C:\Users\ray-o\AppData\Local\Temp\VMBuilds\Escaner_direcciones_I2C\arduino_due_x_dbg\Wire\Wire.cpp.o
 .text._ZL24TWI_WaitTransferCompleteP3Twim.constprop.4
                0x00080310       0x2c C:\Users\ray-o\AppData\Local\Temp\VMBuilds\Escaner_direcciones_I2C\arduino_due_x_dbg\Wire\Wire.cpp.o
 .text._ZL9Wire_Initv
                0x0008033c       0x54 C:\Users\ray-o\AppData\Local\Temp\VMBuilds\Escaner_direcciones_I2C\arduino_due_x_dbg\Wire\Wire.cpp.o
 .text._ZL12Wire1_Deinitv
                0x00080390       0x18 C:\Users\ray-o\AppData\Local\Temp\VMBuilds\Escaner_direcciones_I2C\arduino_due_x_dbg\Wire\Wire.cpp.o
 .text._ZL11Wire_Deinitv
                0x000803a8       0x18 C:\Users\ray-o\AppData\Local\Temp\VMBuilds\Escaner_direcciones_I2C\arduino_due_x_dbg\Wire\Wire.cpp.o
 .text._ZL10Wire1_Initv
                0x000803c0       0x54 C:\Users\ray-o\AppData\Local\Temp\VMBuilds\Escaner_direcciones_I2C\arduino_due_x_dbg\Wire\Wire.cpp.o
 .text._ZN7TwoWireC2EP3TwiPFvvES3_
                0x00080414       0x48 C:\Users\ray-o\AppData\Local\Temp\VMBuilds\Escaner_direcciones_I2C\arduino_due_x_dbg\Wire\Wire.cpp.o
                0x00080414                TwoWire::TwoWire(Twi*, void (*)(), void (*)())
                0x00080414                TwoWire::TwoWire(Twi*, void (*)(), void (*)())
 .text._ZN7TwoWire5beginEv
                0x0008045c       0x30 C:\Users\ray-o\AppData\Local\Temp\VMBuilds\Escaner_direcciones_I2C\arduino_due_x_dbg\Wire\Wire.cpp.o
                0x0008045c                TwoWire::begin()
 .text._ZN7TwoWire17beginTransmissionEh
                0x0008048c       0x12 C:\Users\ray-o\AppData\Local\Temp\VMBuilds\Escaner_direcciones_I2C\arduino_due_x_dbg\Wire\Wire.cpp.o
                0x0008048c                TwoWire::beginTransmission(unsigned char)
 .text._ZN7TwoWire15endTransmissionEh
                0x0008049e       0x82 C:\Users\ray-o\AppData\Local\Temp\VMBuilds\Escaner_direcciones_I2C\arduino_due_x_dbg\Wire\Wire.cpp.o
                0x0008049e                TwoWire::endTransmission(unsigned char)
 .text._ZN7TwoWire15endTransmissionEv
                0x00080520        0x6 C:\Users\ray-o\AppData\Local\Temp\VMBuilds\Escaner_direcciones_I2C\arduino_due_x_dbg\Wire\Wire.cpp.o
                0x00080520                TwoWire::endTransmission()
 .text._ZN7TwoWire9onServiceEv
                0x00080526      0x118 C:\Users\ray-o\AppData\Local\Temp\VMBuilds\Escaner_direcciones_I2C\arduino_due_x_dbg\Wire\Wire.cpp.o
                0x00080526                TwoWire::onService()
 *fill*         0x0008063e        0x2 
 .text.TWI1_Handler
                0x00080640        0xc C:\Users\ray-o\AppData\Local\Temp\VMBuilds\Escaner_direcciones_I2C\arduino_due_x_dbg\Wire\Wire.cpp.o
                0x00080640                TWI1_Handler
 .text.TWI0_Handler
                0x0008064c        0xc C:\Users\ray-o\AppData\Local\Temp\VMBuilds\Escaner_direcciones_I2C\arduino_due_x_dbg\Wire\Wire.cpp.o
                0x0008064c                TWI0_Handler
 .text.startup._GLOBAL__sub_I__ZN7TwoWireC2EP3TwiPFvvES3_
                0x00080658       0x40 C:\Users\ray-o\AppData\Local\Temp\VMBuilds\Escaner_direcciones_I2C\arduino_due_x_dbg\Wire\Wire.cpp.o
 .text._Z11serialEventv
                0x00080698        0x2 C:\Users\ray-o\AppData\Local\Temp\VMBuilds\Escaner_direcciones_I2C\arduino_due_x_dbg\variant\variant.cpp.o
                0x00080698                serialEvent()
 *fill*         0x0008069a        0x2 
 .text.UART_Handler
                0x0008069c        0xc C:\Users\ray-o\AppData\Local\Temp\VMBuilds\Escaner_direcciones_I2C\arduino_due_x_dbg\variant\variant.cpp.o
                0x0008069c                UART_Handler
 .text._Z12serialEvent1v
                0x000806a8        0x2 C:\Users\ray-o\AppData\Local\Temp\VMBuilds\Escaner_direcciones_I2C\arduino_due_x_dbg\variant\variant.cpp.o
                0x000806a8                serialEvent1()
 .text._Z12serialEvent2v
                0x000806aa        0x2 C:\Users\ray-o\AppData\Local\Temp\VMBuilds\Escaner_direcciones_I2C\arduino_due_x_dbg\variant\variant.cpp.o
                0x000806aa                serialEvent2()
 .text._Z12serialEvent3v
                0x000806ac        0x2 C:\Users\ray-o\AppData\Local\Temp\VMBuilds\Escaner_direcciones_I2C\arduino_due_x_dbg\variant\variant.cpp.o
                0x000806ac                serialEvent3()
 *fill*         0x000806ae        0x2 
 .text.USART0_Handler
                0x000806b0        0xc C:\Users\ray-o\AppData\Local\Temp\VMBuilds\Escaner_direcciones_I2C\arduino_due_x_dbg\variant\variant.cpp.o
                0x000806b0                USART0_Handler
 .text.USART1_Handler
                0x000806bc        0xc C:\Users\ray-o\AppData\Local\Temp\VMBuilds\Escaner_direcciones_I2C\arduino_due_x_dbg\variant\variant.cpp.o
                0x000806bc                USART1_Handler
 .text.USART3_Handler
                0x000806c8        0xc C:\Users\ray-o\AppData\Local\Temp\VMBuilds\Escaner_direcciones_I2C\arduino_due_x_dbg\variant\variant.cpp.o
                0x000806c8                USART3_Handler
 .text.init     0x000806d4      0x128 C:\Users\ray-o\AppData\Local\Temp\VMBuilds\Escaner_direcciones_I2C\arduino_due_x_dbg\variant\variant.cpp.o
                0x000806d4                init
 .text.startup._GLOBAL__sub_I_g_APinDescription
                0x000807fc       0xd4 C:\Users\ray-o\AppData\Local\Temp\VMBuilds\Escaner_direcciones_I2C\arduino_due_x_dbg\variant\variant.cpp.o
 .text._Z14serialEventRunv
                0x000808d0       0x44 C:\Users\ray-o\AppData\Local\Temp\VMBuilds\Escaner_direcciones_I2C\arduino_due_x_dbg\variant\variant.cpp.o
                0x000808d0                serialEventRun()
 .text.PIO_PullUp
                0x00080914        0xa C:\Juegos\Arduino\Buran\libraries\packages\arduino\hardware\sam\1.6.9\variants\arduino_due_x/libsam_sam3x8e_gcc_rel.a(pio.o)
                0x00080914                PIO_PullUp
 .text.PIO_SetPeripheral
                0x0008091e       0x26 C:\Juegos\Arduino\Buran\libraries\packages\arduino\hardware\sam\1.6.9\variants\arduino_due_x/libsam_sam3x8e_gcc_rel.a(pio.o)
                0x0008091e                PIO_SetPeripheral
 .text.PIO_SetInput
                0x00080944       0x26 C:\Juegos\Arduino\Buran\libraries\packages\arduino\hardware\sam\1.6.9\variants\arduino_due_x/libsam_sam3x8e_gcc_rel.a(pio.o)
                0x00080944                PIO_SetInput
 .text.PIO_SetOutput
                0x0008096a       0x24 C:\Juegos\Arduino\Buran\libraries\packages\arduino\hardware\sam\1.6.9\variants\arduino_due_x/libsam_sam3x8e_gcc_rel.a(pio.o)
                0x0008096a                PIO_SetOutput
 *fill*         0x0008098e        0x2 
 .text.PIO_Configure
                0x00080990       0x64 C:\Juegos\Arduino\Buran\libraries\packages\arduino\hardware\sam\1.6.9\variants\arduino_due_x/libsam_sam3x8e_gcc_rel.a(pio.o)
                0x00080990                PIO_Configure
 .text.PIO_GetOutputDataStatus
                0x000809f4       0x14 C:\Juegos\Arduino\Buran\libraries\packages\arduino\hardware\sam\1.6.9\variants\arduino_due_x/libsam_sam3x8e_gcc_rel.a(pio.o)
                0x000809f4                PIO_GetOutputDataStatus
 .text.pmc_enable_upll_clock
                0x00080a08       0x14 C:\Juegos\Arduino\Buran\libraries\packages\arduino\hardware\sam\1.6.9\variants\arduino_due_x/libsam_sam3x8e_gcc_rel.a(pmc.o)
                0x00080a08                pmc_enable_upll_clock
 .text.pmc_enable_periph_clk
                0x00080a1c       0x44 C:\Juegos\Arduino\Buran\libraries\packages\arduino\hardware\sam\1.6.9\variants\arduino_due_x/libsam_sam3x8e_gcc_rel.a(pmc.o)
                0x00080a1c                pmc_enable_periph_clk
 .text.pmc_disable_periph_clk
                0x00080a60       0x40 C:\Juegos\Arduino\Buran\libraries\packages\arduino\hardware\sam\1.6.9\variants\arduino_due_x/libsam_sam3x8e_gcc_rel.a(pmc.o)
                0x00080a60                pmc_disable_periph_clk
 .text.pmc_switch_udpck_to_upllck
                0x00080aa0       0x14 C:\Juegos\Arduino\Buran\libraries\packages\arduino\hardware\sam\1.6.9\variants\arduino_due_x/libsam_sam3x8e_gcc_rel.a(pmc.o)
                0x00080aa0                pmc_switch_udpck_to_upllck
 .text.pmc_enable_udpck
                0x00080ab4        0xc C:\Juegos\Arduino\Buran\libraries\packages\arduino\hardware\sam\1.6.9\variants\arduino_due_x/libsam_sam3x8e_gcc_rel.a(pmc.o)
                0x00080ab4                pmc_enable_udpck
 .text.TWI_SetClock
                0x00080ac0       0x58 C:\Juegos\Arduino\Buran\libraries\packages\arduino\hardware\sam\1.6.9\variants\arduino_due_x/libsam_sam3x8e_gcc_rel.a(twi.o)
                0x00080ac0                TWI_SetClock
 .text.TWI_Disable
                0x00080b18       0x2c C:\Juegos\Arduino\Buran\libraries\packages\arduino\hardware\sam\1.6.9\variants\arduino_due_x/libsam_sam3x8e_gcc_rel.a(twi.o)
                0x00080b18                TWI_Disable
 .text.TWI_ConfigureMaster
                0x00080b44       0x48 C:\Juegos\Arduino\Buran\libraries\packages\arduino\hardware\sam\1.6.9\variants\arduino_due_x/libsam_sam3x8e_gcc_rel.a(twi.o)
                0x00080b44                TWI_ConfigureMaster
 .text.TWI_Stop
                0x00080b8c       0x28 C:\Juegos\Arduino\Buran\libraries\packages\arduino\hardware\sam\1.6.9\variants\arduino_due_x/libsam_sam3x8e_gcc_rel.a(twi.o)
                0x00080b8c                TWI_Stop
 .text.TWI_ReadByte
                0x00080bb4       0x28 C:\Juegos\Arduino\Buran\libraries\packages\arduino\hardware\sam\1.6.9\variants\arduino_due_x/libsam_sam3x8e_gcc_rel.a(twi.o)
                0x00080bb4                TWI_ReadByte
 .text.TWI_WriteByte
                0x00080bdc       0x24 C:\Juegos\Arduino\Buran\libraries\packages\arduino\hardware\sam\1.6.9\variants\arduino_due_x/libsam_sam3x8e_gcc_rel.a(twi.o)
                0x00080bdc                TWI_WriteByte
 .text.TWI_StartWrite
                0x00080c00       0x7c C:\Juegos\Arduino\Buran\libraries\packages\arduino\hardware\sam\1.6.9\variants\arduino_due_x/libsam_sam3x8e_gcc_rel.a(twi.o)
                0x00080c00                TWI_StartWrite
 .text.TWI_EnableIt
                0x00080c7c       0x40 C:\Juegos\Arduino\Buran\libraries\packages\arduino\hardware\sam\1.6.9\variants\arduino_due_x/libsam_sam3x8e_gcc_rel.a(twi.o)
                0x00080c7c                TWI_EnableIt
 .text.TWI_DisableIt
                0x00080cbc       0x40 C:\Juegos\Arduino\Buran\libraries\packages\arduino\hardware\sam\1.6.9\variants\arduino_due_x/libsam_sam3x8e_gcc_rel.a(twi.o)
                0x00080cbc                TWI_DisableIt
 .text.TWI_GetStatus
                0x00080cfc       0x28 C:\Juegos\Arduino\Buran\libraries\packages\arduino\hardware\sam\1.6.9\variants\arduino_due_x/libsam_sam3x8e_gcc_rel.a(twi.o)
                0x00080cfc                TWI_GetStatus
 .text.SystemInit
                0x00080d24       0x88 C:\Juegos\Arduino\Buran\libraries\packages\arduino\hardware\sam\1.6.9\variants\arduino_due_x/libsam_sam3x8e_gcc_rel.a(system_sam3xa.o)
                0x00080d24                SystemInit
 .text.Reset_Handler
                0x00080dac       0x78 C:\Juegos\Arduino\Buran\libraries\packages\arduino\hardware\sam\1.6.9\variants\arduino_due_x/libsam_sam3x8e_gcc_rel.a(startup_sam3xa.o)
                0x00080dac                Reset_Handler
 .text.adc_init
                0x00080e24       0x98 C:\Juegos\Arduino\Buran\libraries\packages\arduino\hardware\sam\1.6.9\variants\arduino_due_x/libsam_sam3x8e_gcc_rel.a(adc.o)
                0x00080e24                adc_init
 .text.adc_configure_trigger
                0x00080ebc        0xe C:\Juegos\Arduino\Buran\libraries\packages\arduino\hardware\sam\1.6.9\variants\arduino_due_x/libsam_sam3x8e_gcc_rel.a(adc.o)
                0x00080ebc                adc_configure_trigger
 .text.adc_configure_timing
                0x00080eca       0x1a C:\Juegos\Arduino\Buran\libraries\packages\arduino\hardware\sam\1.6.9\variants\arduino_due_x/libsam_sam3x8e_gcc_rel.a(adc.o)
                0x00080eca                adc_configure_timing
 .text.adc_disable_channel
                0x00080ee4        0xa C:\Juegos\Arduino\Buran\libraries\packages\arduino\hardware\sam\1.6.9\variants\arduino_due_x/libsam_sam3x8e_gcc_rel.a(adc.o)
                0x00080ee4                adc_disable_channel
 .text.adc_disable_all_channel
                0x00080eee        0x8 C:\Juegos\Arduino\Buran\libraries\packages\arduino\hardware\sam\1.6.9\variants\arduino_due_x/libsam_sam3x8e_gcc_rel.a(adc.o)
                0x00080eee                adc_disable_all_channel
 .text.adc_disable_interrupt
                0x00080ef6        0x4 C:\Juegos\Arduino\Buran\libraries\packages\arduino\hardware\sam\1.6.9\variants\arduino_due_x/libsam_sam3x8e_gcc_rel.a(adc.o)
                0x00080ef6                adc_disable_interrupt
 *fill*         0x00080efa        0x2 
 .text.UOTGHS_Handler
                0x00080efc       0x10 C:\Juegos\Arduino\Buran\libraries\packages\arduino\hardware\sam\1.6.9\variants\arduino_due_x/libsam_sam3x8e_gcc_rel.a(uotghs.o)
                0x00080efc                UOTGHS_Handler
 .text.__halt   0x00080f0c        0x2 C:\Users\ray-o\AppData\Local\Temp\VMBuilds\Escaner_direcciones_I2C\arduino_due_x_dbg/core.a(cortex_handlers.c.o)
                0x00080f0c                DACC_Handler
                0x00080f0c                DebugMon_Handler
                0x00080f0c                DMAC_Handler
                0x00080f0c                TRNG_Handler
                0x00080f0c                HardFault_Handler
                0x00080f0c                TC2_Handler
                0x00080f0c                NMI_Handler
                0x00080f0c                TC7_Handler
                0x00080f0c                ADC_Handler
                0x00080f0c                SMC_Handler
                0x00080f0c                RTT_Handler
                0x00080f0c                EFC1_Handler
                0x00080f0c                PIOB_Handler
                0x00080f0c                RTC_Handler
                0x00080f0c                UsageFault_Handler
                0x00080f0c                TC6_Handler
                0x00080f0c                WDT_Handler
                0x00080f0c                CAN0_Handler
                0x00080f0c                TC4_Handler
                0x00080f0c                TC1_Handler
                0x00080f0c                HSMCI_Handler
                0x00080f0c                TC3_Handler
                0x00080f0c                PIOA_Handler
                0x00080f0c                SSC_Handler
                0x00080f0c                EFC0_Handler
                0x00080f0c                PMC_Handler
                0x00080f0c                PWM_Handler
                0x00080f0c                CAN1_Handler
                0x00080f0c                MemManage_Handler
                0x00080f0c                SUPC_Handler
                0x00080f0c                TC8_Handler
                0x00080f0c                USART2_Handler
                0x00080f0c                PIOD_Handler
                0x00080f0c                EMAC_Handler
                0x00080f0c                PIOC_Handler
                0x00080f0c                BusFault_Handler
                0x00080f0c                RSTC_Handler
                0x00080f0c                TC0_Handler
                0x00080f0c                TC5_Handler
                0x00080f0c                SPI0_Handler
 .text.SVC_Handler
                0x00080f0e        0x4 C:\Users\ray-o\AppData\Local\Temp\VMBuilds\Escaner_direcciones_I2C\arduino_due_x_dbg/core.a(cortex_handlers.c.o)
                0x00080f0e                SVC_Handler
 .text.PendSV_Handler
                0x00080f12        0x4 C:\Users\ray-o\AppData\Local\Temp\VMBuilds\Escaner_direcciones_I2C\arduino_due_x_dbg/core.a(cortex_handlers.c.o)
                0x00080f12                PendSV_Handler
 .text.SysTick_Handler
                0x00080f16       0x16 C:\Users\ray-o\AppData\Local\Temp\VMBuilds\Escaner_direcciones_I2C\arduino_due_x_dbg/core.a(cortex_handlers.c.o)
                0x00080f16                SysTick_Handler
 .text.__empty  0x00080f2c        0x2 C:\Users\ray-o\AppData\Local\Temp\VMBuilds\Escaner_direcciones_I2C\arduino_due_x_dbg/core.a(hooks.c.o)
                0x00080f2c                yield
 .text.__false  0x00080f2e        0x4 C:\Users\ray-o\AppData\Local\Temp\VMBuilds\Escaner_direcciones_I2C\arduino_due_x_dbg/core.a(hooks.c.o)
                0x00080f2e                sysTickHook
 .text.__halt   0x00080f32        0x2 C:\Users\ray-o\AppData\Local\Temp\VMBuilds\Escaner_direcciones_I2C\arduino_due_x_dbg/core.a(hooks.c.o)
                0x00080f32                svcHook
                0x00080f32                pendSVHook
 .text._sbrk    0x00080f34       0x1c C:\Users\ray-o\AppData\Local\Temp\VMBuilds\Escaner_direcciones_I2C\arduino_due_x_dbg/core.a(syscalls_sam3.c.o)
                0x00080f34                _sbrk
 .text.link     0x00080f50        0x6 C:\Users\ray-o\AppData\Local\Temp\VMBuilds\Escaner_direcciones_I2C\arduino_due_x_dbg/core.a(syscalls_sam3.c.o)
                0x00080f50                link
 .text._close   0x00080f56        0x6 C:\Users\ray-o\AppData\Local\Temp\VMBuilds\Escaner_direcciones_I2C\arduino_due_x_dbg/core.a(syscalls_sam3.c.o)
                0x00080f56                _close
 .text._fstat   0x00080f5c        0xa C:\Users\ray-o\AppData\Local\Temp\VMBuilds\Escaner_direcciones_I2C\arduino_due_x_dbg/core.a(syscalls_sam3.c.o)
                0x00080f5c                _fstat
 .text._isatty  0x00080f66        0x4 C:\Users\ray-o\AppData\Local\Temp\VMBuilds\Escaner_direcciones_I2C\arduino_due_x_dbg/core.a(syscalls_sam3.c.o)
                0x00080f66                _isatty
 .text._lseek   0x00080f6a        0x4 C:\Users\ray-o\AppData\Local\Temp\VMBuilds\Escaner_direcciones_I2C\arduino_due_x_dbg/core.a(syscalls_sam3.c.o)
                0x00080f6a                _lseek
 .text._read    0x00080f6e        0x4 C:\Users\ray-o\AppData\Local\Temp\VMBuilds\Escaner_direcciones_I2C\arduino_due_x_dbg/core.a(syscalls_sam3.c.o)
                0x00080f6e                _read
 *fill*         0x00080f72        0x2 
 .text._write   0x00080f74       0x24 C:\Users\ray-o\AppData\Local\Temp\VMBuilds\Escaner_direcciones_I2C\arduino_due_x_dbg/core.a(syscalls_sam3.c.o)
                0x00080f74                _write
 .text._exit    0x00080f98       0x10 C:\Users\ray-o\AppData\Local\Temp\VMBuilds\Escaner_direcciones_I2C\arduino_due_x_dbg/core.a(syscalls_sam3.c.o)
                0x00080f98                _exit
 .text._kill    0x00080fa8        0x2 C:\Users\ray-o\AppData\Local\Temp\VMBuilds\Escaner_direcciones_I2C\arduino_due_x_dbg/core.a(syscalls_sam3.c.o)
                0x00080fa8                _kill
 .text._getpid  0x00080faa        0x6 C:\Users\ray-o\AppData\Local\Temp\VMBuilds\Escaner_direcciones_I2C\arduino_due_x_dbg/core.a(syscalls_sam3.c.o)
                0x00080faa                _getpid
 .text.delay    0x00080fb0       0x1c C:\Users\ray-o\AppData\Local\Temp\VMBuilds\Escaner_direcciones_I2C\arduino_due_x_dbg/core.a(wiring.c.o)
                0x00080fb0                delay
 .text.analogOutputInit
                0x00080fcc        0x2 C:\Users\ray-o\AppData\Local\Temp\VMBuilds\Escaner_direcciones_I2C\arduino_due_x_dbg/core.a(wiring_analog.c.o)
                0x00080fcc                analogOutputInit
 *fill*         0x00080fce        0x2 
 .text.pinMode  0x00080fd0      0x108 C:\Users\ray-o\AppData\Local\Temp\VMBuilds\Escaner_direcciones_I2C\arduino_due_x_dbg/core.a(wiring_digital.c.o)
                0x00080fd0                pinMode
 .text.digitalWrite
                0x000810d8       0x70 C:\Users\ray-o\AppData\Local\Temp\VMBuilds\Escaner_direcciones_I2C\arduino_due_x_dbg/core.a(wiring_digital.c.o)
                0x000810d8                digitalWrite
 .text.initVariant
                0x00081148        0x2 C:\Users\ray-o\AppData\Local\Temp\VMBuilds\Escaner_direcciones_I2C\arduino_due_x_dbg/core.a(main.cpp.o)
                0x00081148                initVariant
 *fill*         0x0008114a        0x2 
 .text.startup.main
                0x0008114c       0x38 C:\Users\ray-o\AppData\Local\Temp\VMBuilds\Escaner_direcciones_I2C\arduino_due_x_dbg/core.a(main.cpp.o)
                0x0008114c                main
 .text._ZN5Print5writeEPKhj
                0x00081184       0x22 C:\Users\ray-o\AppData\Local\Temp\VMBuilds\Escaner_direcciones_I2C\arduino_due_x_dbg/core.a(Print.cpp.o)
                0x00081184                Print::write(unsigned char const*, unsigned int)
 .text._ZN5Print5printEmi.part.3
                0x000811a6        0xc C:\Users\ray-o\AppData\Local\Temp\VMBuilds\Escaner_direcciones_I2C\arduino_due_x_dbg/core.a(Print.cpp.o)
 .text._ZN5Print5writeEPKc
                0x000811b2       0x1e C:\Users\ray-o\AppData\Local\Temp\VMBuilds\Escaner_direcciones_I2C\arduino_due_x_dbg/core.a(Print.cpp.o)
                0x000811b2                Print::write(char const*)
 .text._ZN5Print5printEPKc
                0x000811d0        0x8 C:\Users\ray-o\AppData\Local\Temp\VMBuilds\Escaner_direcciones_I2C\arduino_due_x_dbg/core.a(Print.cpp.o)
                0x000811d0                Print::print(char const*)
 .text._ZN5Print7printlnEv
                0x000811d8       0x10 C:\Users\ray-o\AppData\Local\Temp\VMBuilds\Escaner_direcciones_I2C\arduino_due_x_dbg/core.a(Print.cpp.o)
                0x000811d8                Print::println()
 .text._ZN5Print7printlnEPKc
                0x000811e8       0x14 C:\Users\ray-o\AppData\Local\Temp\VMBuilds\Escaner_direcciones_I2C\arduino_due_x_dbg/core.a(Print.cpp.o)
                0x000811e8                Print::println(char const*)
 .text._ZN5Print11printNumberEmh
                0x000811fc       0x3e C:\Users\ray-o\AppData\Local\Temp\VMBuilds\Escaner_direcciones_I2C\arduino_due_x_dbg/core.a(Print.cpp.o)
                0x000811fc                Print::printNumber(unsigned long, unsigned char)
 .text._ZN5Print5printEmi
                0x0008123a        0xc C:\Users\ray-o\AppData\Local\Temp\VMBuilds\Escaner_direcciones_I2C\arduino_due_x_dbg/core.a(Print.cpp.o)
                0x0008123a                Print::print(unsigned long, int)
 .text._ZN5Print7printlnEhi
                0x00081246       0x14 C:\Users\ray-o\AppData\Local\Temp\VMBuilds\Escaner_direcciones_I2C\arduino_due_x_dbg/core.a(Print.cpp.o)
                0x00081246                Print::println(unsigned char, int)
 *fill*         0x0008125a        0x2 
 .text.initiateReset
                0x0008125c        0xc C:\Users\ray-o\AppData\Local\Temp\VMBuilds\Escaner_direcciones_I2C\arduino_due_x_dbg/core.a(Reset.cpp.o)
                0x0008125c                initiateReset
 .text.cancelReset
                0x00081268       0x10 C:\Users\ray-o\AppData\Local\Temp\VMBuilds\Escaner_direcciones_I2C\arduino_due_x_dbg/core.a(Reset.cpp.o)
                0x00081268                cancelReset
 .text.tickReset
                0x00081278       0x20 C:\Users\ray-o\AppData\Local\Temp\VMBuilds\Escaner_direcciones_I2C\arduino_due_x_dbg/core.a(Reset.cpp.o)
                0x00081278                tickReset
 .text._ZN10RingBufferC2Ev
                0x00081298       0x1a C:\Users\ray-o\AppData\Local\Temp\VMBuilds\Escaner_direcciones_I2C\arduino_due_x_dbg/core.a(RingBuffer.cpp.o)
                0x00081298                RingBuffer::RingBuffer()
                0x00081298                RingBuffer::RingBuffer()
 .text._ZN10RingBuffer10store_charEh
                0x000812b2       0x1e C:\Users\ray-o\AppData\Local\Temp\VMBuilds\Escaner_direcciones_I2C\arduino_due_x_dbg/core.a(RingBuffer.cpp.o)
                0x000812b2                RingBuffer::store_char(unsigned char)
 .text._ZN9UARTClasscvbEv
                0x000812d0        0x4 C:\Users\ray-o\AppData\Local\Temp\VMBuilds\Escaner_direcciones_I2C\arduino_due_x_dbg/core.a(UARTClass.cpp.o)
                0x000812d0                UARTClass::operator bool()
 .text._ZN9UARTClass9availableEv
                0x000812d4       0x12 C:\Users\ray-o\AppData\Local\Temp\VMBuilds\Escaner_direcciones_I2C\arduino_due_x_dbg/core.a(UARTClass.cpp.o)
                0x000812d4                UARTClass::available()
 .text._ZN9UARTClass4peekEv
                0x000812e6       0x1c C:\Users\ray-o\AppData\Local\Temp\VMBuilds\Escaner_direcciones_I2C\arduino_due_x_dbg/core.a(UARTClass.cpp.o)
                0x000812e6                UARTClass::peek()
 .text._ZN9UARTClass4readEv
                0x00081302       0x2a C:\Users\ray-o\AppData\Local\Temp\VMBuilds\Escaner_direcciones_I2C\arduino_due_x_dbg/core.a(UARTClass.cpp.o)
                0x00081302                UARTClass::read()
 .text._ZN9UARTClass5flushEv
                0x0008132c       0x18 C:\Users\ray-o\AppData\Local\Temp\VMBuilds\Escaner_direcciones_I2C\arduino_due_x_dbg/core.a(UARTClass.cpp.o)
                0x0008132c                UARTClass::flush()
 .text._ZN9UARTClass5writeEh
                0x00081344       0x54 C:\Users\ray-o\AppData\Local\Temp\VMBuilds\Escaner_direcciones_I2C\arduino_due_x_dbg/core.a(UARTClass.cpp.o)
                0x00081344                UARTClass::write(unsigned char)
 .text._ZN9UARTClass3endEv
                0x00081398       0x3c C:\Users\ray-o\AppData\Local\Temp\VMBuilds\Escaner_direcciones_I2C\arduino_due_x_dbg/core.a(UARTClass.cpp.o)
                0x00081398                UARTClass::end()
 .text._ZN9UARTClassC2EP4Uart4IRQnmP10RingBufferS4_
                0x000813d4       0x24 C:\Users\ray-o\AppData\Local\Temp\VMBuilds\Escaner_direcciones_I2C\arduino_due_x_dbg/core.a(UARTClass.cpp.o)
                0x000813d4                UARTClass::UARTClass(Uart*, IRQn, unsigned long, RingBuffer*, RingBuffer*)
                0x000813d4                UARTClass::UARTClass(Uart*, IRQn, unsigned long, RingBuffer*, RingBuffer*)
 .text._ZN9UARTClass4initEmm
                0x000813f8       0x70 C:\Users\ray-o\AppData\Local\Temp\VMBuilds\Escaner_direcciones_I2C\arduino_due_x_dbg/core.a(UARTClass.cpp.o)
                0x000813f8                UARTClass::init(unsigned long, unsigned long)
 .text._ZN9UARTClass5beginEm
                0x00081468        0x8 C:\Users\ray-o\AppData\Local\Temp\VMBuilds\Escaner_direcciones_I2C\arduino_due_x_dbg/core.a(UARTClass.cpp.o)
                0x00081468                UARTClass::begin(unsigned long)
 .text._ZN9UARTClass10IrqHandlerEv
                0x00081470       0x5a C:\Users\ray-o\AppData\Local\Temp\VMBuilds\Escaner_direcciones_I2C\arduino_due_x_dbg/core.a(UARTClass.cpp.o)
                0x00081470                UARTClass::IrqHandler()
 .text._ZN10USARTClass5beginEm
                0x000814ca        0x8 C:\Users\ray-o\AppData\Local\Temp\VMBuilds\Escaner_direcciones_I2C\arduino_due_x_dbg/core.a(USARTClass.cpp.o)
                0x000814ca                USARTClass::begin(unsigned long)
 *fill*         0x000814d2        0x2 
 .text._ZN10USARTClassC2EP5Usart4IRQnmP10RingBufferS4_
                0x000814d4       0x24 C:\Users\ray-o\AppData\Local\Temp\VMBuilds\Escaner_direcciones_I2C\arduino_due_x_dbg/core.a(USARTClass.cpp.o)
                0x000814d4                USARTClass::USARTClass(Usart*, IRQn, unsigned long, RingBuffer*, RingBuffer*)
                0x000814d4                USARTClass::USARTClass(Usart*, IRQn, unsigned long, RingBuffer*, RingBuffer*)
 .text._watchdogDefaultSetup
                0x000814f8        0xc C:\Users\ray-o\AppData\Local\Temp\VMBuilds\Escaner_direcciones_I2C\arduino_due_x_dbg/core.a(watchdog.cpp.o)
                0x000814f8                _watchdogDefaultSetup
                0x000814f8                watchdogSetup()
 .text.unlikely._ZL11USB_SendZlpv
                0x00081504       0x20 C:\Users\ray-o\AppData\Local\Temp\VMBuilds\Escaner_direcciones_I2C\arduino_due_x_dbg/core.a(USBCore.cpp.o)
 .text._Z14USBD_Availablem
                0x00081524       0x2c C:\Users\ray-o\AppData\Local\Temp\VMBuilds\Escaner_direcciones_I2C\arduino_due_x_dbg/core.a(USBCore.cpp.o)
                0x00081524                USBD_Available(unsigned long)
 .text._Z9USBD_RecvmPvm
                0x00081550       0x7c C:\Users\ray-o\AppData\Local\Temp\VMBuilds\Escaner_direcciones_I2C\arduino_due_x_dbg/core.a(USBCore.cpp.o)
                0x00081550                USBD_Recv(unsigned long, void*, unsigned long)
 .text._Z9USBD_Recvm
                0x000815cc       0x22 C:\Users\ray-o\AppData\Local\Temp\VMBuilds\Escaner_direcciones_I2C\arduino_due_x_dbg/core.a(USBCore.cpp.o)
                0x000815cc                USBD_Recv(unsigned long)
 *fill*         0x000815ee        0x2 
 .text._Z9USBD_SendmPKvm
                0x000815f0       0x4c C:\Users\ray-o\AppData\Local\Temp\VMBuilds\Escaner_direcciones_I2C\arduino_due_x_dbg/core.a(USBCore.cpp.o)
                0x000815f0                USBD_Send(unsigned long, void const*, unsigned long)
 .text._Z16USBD_SendControlhPKvm
                0x0008163c       0x40 C:\Users\ray-o\AppData\Local\Temp\VMBuilds\Escaner_direcciones_I2C\arduino_due_x_dbg/core.a(USBCore.cpp.o)
                0x0008163c                USBD_SendControl(unsigned char, void const*, unsigned long)
 .text.unlikely._ZL24USB_SendStringDescriptorPKhi
                0x0008167c       0x64 C:\Users\ray-o\AppData\Local\Temp\VMBuilds\Escaner_direcciones_I2C\arduino_due_x_dbg/core.a(USBCore.cpp.o)
 .text._Z16USBD_RecvControlPvm
                0x000816e0       0x1c C:\Users\ray-o\AppData\Local\Temp\VMBuilds\Escaner_direcciones_I2C\arduino_due_x_dbg/core.a(USBCore.cpp.o)
                0x000816e0                USBD_RecvControl(void*, unsigned long)
 .text._Z26USBD_ClassInterfaceRequestR8USBSetup
                0x000816fc       0x1e C:\Users\ray-o\AppData\Local\Temp\VMBuilds\Escaner_direcciones_I2C\arduino_due_x_dbg/core.a(USBCore.cpp.o)
                0x000816fc                USBD_ClassInterfaceRequest(USBSetup&)
 .text._Z19USBD_SendInterfacesv
                0x0008171a       0x22 C:\Users\ray-o\AppData\Local\Temp\VMBuilds\Escaner_direcciones_I2C\arduino_due_x_dbg/core.a(USBCore.cpp.o)
                0x0008171a                USBD_SendInterfaces()
 .text._Z24USBD_SendOtherInterfacesv
                0x0008173c       0x22 C:\Users\ray-o\AppData\Local\Temp\VMBuilds\Escaner_direcciones_I2C\arduino_due_x_dbg/core.a(USBCore.cpp.o)
                0x0008173c                USBD_SendOtherInterfaces()
 .text._Z10USBD_Flushm
                0x0008175e       0x16 C:\Users\ray-o\AppData\Local\Temp\VMBuilds\Escaner_direcciones_I2C\arduino_due_x_dbg/core.a(USBCore.cpp.o)
                0x0008175e                USBD_Flush(unsigned long)
 .text._ZN10USBDevice_C2Ev
                0x00081774       0x24 C:\Users\ray-o\AppData\Local\Temp\VMBuilds\Escaner_direcciones_I2C\arduino_due_x_dbg/core.a(USBCore.cpp.o)
                0x00081774                USBDevice_::USBDevice_()
                0x00081774                USBDevice_::USBDevice_()
 .text._ZN10USBDevice_6attachEv
                0x00081798       0x20 C:\Users\ray-o\AppData\Local\Temp\VMBuilds\Escaner_direcciones_I2C\arduino_due_x_dbg/core.a(USBCore.cpp.o)
                0x00081798                USBDevice_::attach()
 .text.startup._GLOBAL__sub_I_EndPoints
                0x000817b8        0xc C:\Users\ray-o\AppData\Local\Temp\VMBuilds\Escaner_direcciones_I2C\arduino_due_x_dbg/core.a(USBCore.cpp.o)
 .text._ZL7USB_ISRv
                0x000817c4      0x454 C:\Users\ray-o\AppData\Local\Temp\VMBuilds\Escaner_direcciones_I2C\arduino_due_x_dbg/core.a(USBCore.cpp.o)
 .text._ZN7Serial_9availableEv
                0x00081c18       0x18 C:\Users\ray-o\AppData\Local\Temp\VMBuilds\Escaner_direcciones_I2C\arduino_due_x_dbg/core.a(CDC.cpp.o)
                0x00081c18                Serial_::available()
 .text._ZN7Serial_17availableForWriteEv
                0x00081c30        0x6 C:\Users\ray-o\AppData\Local\Temp\VMBuilds\Escaner_direcciones_I2C\arduino_due_x_dbg/core.a(CDC.cpp.o)
                0x00081c30                Serial_::availableForWrite()
 *fill*         0x00081c36        0x2 
 .text._ZN7Serial_4peekEv
                0x00081c38       0x20 C:\Users\ray-o\AppData\Local\Temp\VMBuilds\Escaner_direcciones_I2C\arduino_due_x_dbg/core.a(CDC.cpp.o)
                0x00081c38                Serial_::peek()
 .text._ZN7Serial_5writeEh
                0x00081c58       0x16 C:\Users\ray-o\AppData\Local\Temp\VMBuilds\Escaner_direcciones_I2C\arduino_due_x_dbg/core.a(CDC.cpp.o)
                0x00081c58                Serial_::write(unsigned char)
 *fill*         0x00081c6e        0x2 
 .text._ZN7Serial_4readEv
                0x00081c70       0x44 C:\Users\ray-o\AppData\Local\Temp\VMBuilds\Escaner_direcciones_I2C\arduino_due_x_dbg/core.a(CDC.cpp.o)
                0x00081c70                Serial_::read()
 .text._ZN7Serial_5flushEv
                0x00081cb4        0x6 C:\Users\ray-o\AppData\Local\Temp\VMBuilds\Escaner_direcciones_I2C\arduino_due_x_dbg/core.a(CDC.cpp.o)
                0x00081cb4                Serial_::flush()
 *fill*         0x00081cba        0x2 
 .text._ZN7Serial_6acceptEv
                0x00081cbc       0x70 C:\Users\ray-o\AppData\Local\Temp\VMBuilds\Escaner_direcciones_I2C\arduino_due_x_dbg/core.a(CDC.cpp.o)
                0x00081cbc                Serial_::accept()
 .text._ZN7Serial_5writeEPKhj
                0x00081d2c       0x2c C:\Users\ray-o\AppData\Local\Temp\VMBuilds\Escaner_direcciones_I2C\arduino_due_x_dbg/core.a(CDC.cpp.o)
                0x00081d2c                Serial_::write(unsigned char const*, unsigned int)
 .text._Z16CDC_GetInterfacePh
                0x00081d58       0x14 C:\Users\ray-o\AppData\Local\Temp\VMBuilds\Escaner_direcciones_I2C\arduino_due_x_dbg/core.a(CDC.cpp.o)
                0x00081d58                CDC_GetInterface(unsigned char*)
 .text._Z21CDC_GetOtherInterfacePh
                0x00081d6c       0x14 C:\Users\ray-o\AppData\Local\Temp\VMBuilds\Escaner_direcciones_I2C\arduino_due_x_dbg/core.a(CDC.cpp.o)
                0x00081d6c                CDC_GetOtherInterface(unsigned char*)
 .text._Z9CDC_SetupR8USBSetup
                0x00081d80       0x78 C:\Users\ray-o\AppData\Local\Temp\VMBuilds\Escaner_direcciones_I2C\arduino_due_x_dbg/core.a(CDC.cpp.o)
                0x00081d80                CDC_Setup(USBSetup&)
 .text.startup._GLOBAL__sub_I_cdc_rx_buffer
                0x00081df8       0x1c C:\Users\ray-o\AppData\Local\Temp\VMBuilds\Escaner_direcciones_I2C\arduino_due_x_dbg/core.a(CDC.cpp.o)
 .text._ZN13PluggableUSB_12getInterfaceEPh
                0x00081e14       0x28 C:\Users\ray-o\AppData\Local\Temp\VMBuilds\Escaner_direcciones_I2C\arduino_due_x_dbg/core.a(PluggableUSB.cpp.o)
                0x00081e14                PluggableUSB_::getInterface(unsigned char*)
 .text._ZN13PluggableUSB_13getDescriptorER8USBSetup
                0x00081e3c       0x1c C:\Users\ray-o\AppData\Local\Temp\VMBuilds\Escaner_direcciones_I2C\arduino_due_x_dbg/core.a(PluggableUSB.cpp.o)
                0x00081e3c                PluggableUSB_::getDescriptor(USBSetup&)
 .text._ZN13PluggableUSB_12getShortNameEPc
                0x00081e58       0x1c C:\Users\ray-o\AppData\Local\Temp\VMBuilds\Escaner_direcciones_I2C\arduino_due_x_dbg/core.a(PluggableUSB.cpp.o)
                0x00081e58                PluggableUSB_::getShortName(char*)
 .text._ZN13PluggableUSB_5setupER8USBSetup
                0x00081e74       0x20 C:\Users\ray-o\AppData\Local\Temp\VMBuilds\Escaner_direcciones_I2C\arduino_due_x_dbg/core.a(PluggableUSB.cpp.o)
                0x00081e74                PluggableUSB_::setup(USBSetup&)
 .text._Z12PluggableUSBv
                0x00081e94       0x28 C:\Users\ray-o\AppData\Local\Temp\VMBuilds\Escaner_direcciones_I2C\arduino_due_x_dbg/core.a(PluggableUSB.cpp.o)
                0x00081e94                PluggableUSB()
 .text.TimeTick_Increment
                0x00081ebc       0x10 C:\Juegos\Arduino\Buran\libraries\packages\arduino\hardware\sam\1.6.9\variants\arduino_due_x/libsam_sam3x8e_gcc_rel.a(timetick.o)
                0x00081ebc                TimeTick_Increment
 .text.GetTickCount
                0x00081ecc        0xc C:\Juegos\Arduino\Buran\libraries\packages\arduino\hardware\sam\1.6.9\variants\arduino_due_x/libsam_sam3x8e_gcc_rel.a(timetick.o)
                0x00081ecc                GetTickCount
 .text.WDT_Disable
                0x00081ed8        0x8 C:\Juegos\Arduino\Buran\libraries\packages\arduino\hardware\sam\1.6.9\variants\arduino_due_x/libsam_sam3x8e_gcc_rel.a(wdt.o)
                0x00081ed8                WDT_Disable
 .text.UDD_SetStack
                0x00081ee0        0xc C:\Juegos\Arduino\Buran\libraries\packages\arduino\hardware\sam\1.6.9\variants\arduino_due_x/libsam_sam3x8e_gcc_rel.a(uotghs_device.o)
                0x00081ee0                UDD_SetStack
 .text.UDD_Init
                0x00081eec       0xd0 C:\Juegos\Arduino\Buran\libraries\packages\arduino\hardware\sam\1.6.9\variants\arduino_due_x/libsam_sam3x8e_gcc_rel.a(uotghs_device.o)
                0x00081eec                UDD_Init
 .text.UDD_Attach
                0x00081fbc       0x50 C:\Juegos\Arduino\Buran\libraries\packages\arduino\hardware\sam\1.6.9\variants\arduino_due_x/libsam_sam3x8e_gcc_rel.a(uotghs_device.o)
                0x00081fbc                UDD_Attach
 .text.UDD_InitEP
                0x0008200c       0x2c C:\Juegos\Arduino\Buran\libraries\packages\arduino\hardware\sam\1.6.9\variants\arduino_due_x/libsam_sam3x8e_gcc_rel.a(uotghs_device.o)
                0x0008200c                UDD_InitEP
 .text.UDD_InitEndpoints
                0x00082038       0x3c C:\Juegos\Arduino\Buran\libraries\packages\arduino\hardware\sam\1.6.9\variants\arduino_due_x/libsam_sam3x8e_gcc_rel.a(uotghs_device.o)
                0x00082038                UDD_InitEndpoints
 .text.UDD_WaitIN
                0x00082074       0x10 C:\Juegos\Arduino\Buran\libraries\packages\arduino\hardware\sam\1.6.9\variants\arduino_due_x/libsam_sam3x8e_gcc_rel.a(uotghs_device.o)
                0x00082074                UDD_WaitIN
 .text.UDD_WaitOUT
                0x00082084       0x10 C:\Juegos\Arduino\Buran\libraries\packages\arduino\hardware\sam\1.6.9\variants\arduino_due_x/libsam_sam3x8e_gcc_rel.a(uotghs_device.o)
                0x00082084                UDD_WaitOUT
 .text.UDD_ClearIN
                0x00082094       0x18 C:\Juegos\Arduino\Buran\libraries\packages\arduino\hardware\sam\1.6.9\variants\arduino_due_x/libsam_sam3x8e_gcc_rel.a(uotghs_device.o)
                0x00082094                UDD_ClearIN
 .text.UDD_ClearOUT
                0x000820ac       0x18 C:\Juegos\Arduino\Buran\libraries\packages\arduino\hardware\sam\1.6.9\variants\arduino_due_x/libsam_sam3x8e_gcc_rel.a(uotghs_device.o)
                0x000820ac                UDD_ClearOUT
 .text.UDD_ReceivedSetupInt
                0x000820c4       0x10 C:\Juegos\Arduino\Buran\libraries\packages\arduino\hardware\sam\1.6.9\variants\arduino_due_x/libsam_sam3x8e_gcc_rel.a(uotghs_device.o)
                0x000820c4                UDD_ReceivedSetupInt
 .text.UDD_ClearSetupInt
                0x000820d4       0x10 C:\Juegos\Arduino\Buran\libraries\packages\arduino\hardware\sam\1.6.9\variants\arduino_due_x/libsam_sam3x8e_gcc_rel.a(uotghs_device.o)
                0x000820d4                UDD_ClearSetupInt
 .text.UDD_Send
                0x000820e4       0x88 C:\Juegos\Arduino\Buran\libraries\packages\arduino\hardware\sam\1.6.9\variants\arduino_due_x/libsam_sam3x8e_gcc_rel.a(uotghs_device.o)
                0x000820e4                UDD_Send
 .text.UDD_Send8
                0x0008216c       0x24 C:\Juegos\Arduino\Buran\libraries\packages\arduino\hardware\sam\1.6.9\variants\arduino_due_x/libsam_sam3x8e_gcc_rel.a(uotghs_device.o)
                0x0008216c                UDD_Send8
 .text.UDD_Recv8
                0x00082190       0x28 C:\Juegos\Arduino\Buran\libraries\packages\arduino\hardware\sam\1.6.9\variants\arduino_due_x/libsam_sam3x8e_gcc_rel.a(uotghs_device.o)
                0x00082190                UDD_Recv8
 .text.UDD_Recv
                0x000821b8       0x34 C:\Juegos\Arduino\Buran\libraries\packages\arduino\hardware\sam\1.6.9\variants\arduino_due_x/libsam_sam3x8e_gcc_rel.a(uotghs_device.o)
                0x000821b8                UDD_Recv
 .text.UDD_Stall
                0x000821ec       0x14 C:\Juegos\Arduino\Buran\libraries\packages\arduino\hardware\sam\1.6.9\variants\arduino_due_x/libsam_sam3x8e_gcc_rel.a(uotghs_device.o)
                0x000821ec                UDD_Stall
 .text.UDD_FifoByteCount
                0x00082200       0x14 C:\Juegos\Arduino\Buran\libraries\packages\arduino\hardware\sam\1.6.9\variants\arduino_due_x/libsam_sam3x8e_gcc_rel.a(uotghs_device.o)
                0x00082200                UDD_FifoByteCount
 .text.UDD_ReleaseRX
                0x00082214       0x28 C:\Juegos\Arduino\Buran\libraries\packages\arduino\hardware\sam\1.6.9\variants\arduino_due_x/libsam_sam3x8e_gcc_rel.a(uotghs_device.o)
                0x00082214                UDD_ReleaseRX
 .text.UDD_ReleaseTX
                0x0008223c       0x28 C:\Juegos\Arduino\Buran\libraries\packages\arduino\hardware\sam\1.6.9\variants\arduino_due_x/libsam_sam3x8e_gcc_rel.a(uotghs_device.o)
                0x0008223c                UDD_ReleaseTX
 .text.UDD_SetAddress
                0x00082264       0x20 C:\Juegos\Arduino\Buran\libraries\packages\arduino\hardware\sam\1.6.9\variants\arduino_due_x/libsam_sam3x8e_gcc_rel.a(uotghs_device.o)
                0x00082264                UDD_SetAddress
 .text.__assert_func
                0x00082284       0x3c c:/juegos/arduino/buran/libraries/packages/arduino/tools/arm-none-eabi-gcc/4.8.3-2014q1/bin/../lib/gcc/arm-none-eabi/4.8.3/../../../../arm-none-eabi/lib/armv7-m\libg.a(lib_a-assert.o)
                0x00082284                __assert_func
 .text.fiprintf
                0x000822c0       0x28 c:/juegos/arduino/buran/libraries/packages/arduino/tools/arm-none-eabi-gcc/4.8.3-2014q1/bin/../lib/gcc/arm-none-eabi/4.8.3/../../../../arm-none-eabi/lib/armv7-m\libg.a(lib_a-fiprintf.o)
                0x000822c0                fiprintf
 .text.__libc_init_array
                0x000822e8       0x50 c:/juegos/arduino/buran/libraries/packages/arduino/tools/arm-none-eabi-gcc/4.8.3-2014q1/bin/../lib/gcc/arm-none-eabi/4.8.3/../../../../arm-none-eabi/lib/armv7-m\libg.a(lib_a-init.o)
                0x000822e8                __libc_init_array
 .text.iprintf  0x00082338       0x28 c:/juegos/arduino/buran/libraries/packages/arduino/tools/arm-none-eabi-gcc/4.8.3-2014q1/bin/../lib/gcc/arm-none-eabi/4.8.3/../../../../arm-none-eabi/lib/armv7-m\libg.a(lib_a-iprintf.o)
                0x00082338                iprintf
 .text.memset   0x00082360       0x94 c:/juegos/arduino/buran/libraries/packages/arduino/tools/arm-none-eabi-gcc/4.8.3-2014q1/bin/../lib/gcc/arm-none-eabi/4.8.3/../../../../arm-none-eabi/lib/armv7-m\libg.a(lib_a-memset.o)
                0x00082360                memset
 .text.strlen   0x000823f4       0x60 c:/juegos/arduino/buran/libraries/packages/arduino/tools/arm-none-eabi-gcc/4.8.3-2014q1/bin/../lib/gcc/arm-none-eabi/4.8.3/../../../../arm-none-eabi/lib/armv7-m\libg.a(lib_a-strlen.o)
                0x000823f4                strlen
 .text.kill     0x00082454       0x10 c:/juegos/arduino/buran/libraries/packages/arduino/tools/arm-none-eabi-gcc/4.8.3-2014q1/bin/../lib/gcc/arm-none-eabi/4.8.3/../../../../arm-none-eabi/lib/armv7-m\libg.a(lib_a-syskill.o)
                0x00082454                kill
 .text.__sprint_r.part.0
                0x00082464       0x78 c:/juegos/arduino/buran/libraries/packages/arduino/tools/arm-none-eabi-gcc/4.8.3-2014q1/bin/../lib/gcc/arm-none-eabi/4.8.3/../../../../arm-none-eabi/lib/armv7-m\libg.a(lib_a-vfiprintf.o)
 .text._vfiprintf_r
                0x000824dc      0xc54 c:/juegos/arduino/buran/libraries/packages/arduino/tools/arm-none-eabi-gcc/4.8.3-2014q1/bin/../lib/gcc/arm-none-eabi/4.8.3/../../../../arm-none-eabi/lib/armv7-m\libg.a(lib_a-vfiprintf.o)
                0x000824dc                _vfiprintf_r
 .text.__sbprintf
                0x00083130       0x7c c:/juegos/arduino/buran/libraries/packages/arduino/tools/arm-none-eabi-gcc/4.8.3-2014q1/bin/../lib/gcc/arm-none-eabi/4.8.3/../../../../arm-none-eabi/lib/armv7-m\libg.a(lib_a-vfiprintf.o)
 .text.__swsetup_r
                0x000831ac       0xc4 c:/juegos/arduino/buran/libraries/packages/arduino/tools/arm-none-eabi-gcc/4.8.3-2014q1/bin/../lib/gcc/arm-none-eabi/4.8.3/../../../../arm-none-eabi/lib/armv7-m\libg.a(lib_a-wsetup.o)
                0x000831ac                __swsetup_r
 .text.startup.register_fini
                0x00083270       0x14 c:/juegos/arduino/buran/libraries/packages/arduino/tools/arm-none-eabi-gcc/4.8.3-2014q1/bin/../lib/gcc/arm-none-eabi/4.8.3/../../../../arm-none-eabi/lib/armv7-m\libg.a(lib_a-__call_atexit.o)
 .text.abort    0x00083284       0x10 c:/juegos/arduino/buran/libraries/packages/arduino/tools/arm-none-eabi-gcc/4.8.3-2014q1/bin/../lib/gcc/arm-none-eabi/4.8.3/../../../../arm-none-eabi/lib/armv7-m\libg.a(lib_a-abort.o)
                0x00083284                abort
 .text.atexit   0x00083294        0xc c:/juegos/arduino/buran/libraries/packages/arduino/tools/arm-none-eabi-gcc/4.8.3-2014q1/bin/../lib/gcc/arm-none-eabi/4.8.3/../../../../arm-none-eabi/lib/armv7-m\libg.a(lib_a-atexit.o)
                0x00083294                atexit
 .text.__sflush_r
                0x000832a0      0x148 c:/juegos/arduino/buran/libraries/packages/arduino/tools/arm-none-eabi-gcc/4.8.3-2014q1/bin/../lib/gcc/arm-none-eabi/4.8.3/../../../../arm-none-eabi/lib/armv7-m\libg.a(lib_a-fflush.o)
                0x000832a0                __sflush_r
 .text._fflush_r
                0x000833e8       0x2c c:/juegos/arduino/buran/libraries/packages/arduino/tools/arm-none-eabi-gcc/4.8.3-2014q1/bin/../lib/gcc/arm-none-eabi/4.8.3/../../../../arm-none-eabi/lib/armv7-m\libg.a(lib_a-fflush.o)
                0x000833e8                _fflush_r
 .text._cleanup_r
                0x00083414        0xc c:/juegos/arduino/buran/libraries/packages/arduino/tools/arm-none-eabi-gcc/4.8.3-2014q1/bin/../lib/gcc/arm-none-eabi/4.8.3/../../../../arm-none-eabi/lib/armv7-m\libg.a(lib_a-findfp.o)
                0x00083414                _cleanup_r
 .text.__sinit  0x00083420       0xf4 c:/juegos/arduino/buran/libraries/packages/arduino/tools/arm-none-eabi-gcc/4.8.3-2014q1/bin/../lib/gcc/arm-none-eabi/4.8.3/../../../../arm-none-eabi/lib/armv7-m\libg.a(lib_a-findfp.o)
                0x00083420                __sinit
 .text.__sfp_lock_acquire
                0x00083514        0x4 c:/juegos/arduino/buran/libraries/packages/arduino/tools/arm-none-eabi-gcc/4.8.3-2014q1/bin/../lib/gcc/arm-none-eabi/4.8.3/../../../../arm-none-eabi/lib/armv7-m\libg.a(lib_a-findfp.o)
                0x00083514                __sfp_lock_acquire
 .text.__sfp_lock_release
                0x00083518        0x4 c:/juegos/arduino/buran/libraries/packages/arduino/tools/arm-none-eabi-gcc/4.8.3-2014q1/bin/../lib/gcc/arm-none-eabi/4.8.3/../../../../arm-none-eabi/lib/armv7-m\libg.a(lib_a-findfp.o)
                0x00083518                __sfp_lock_release
 .text.__libc_fini_array
                0x0008351c       0x30 c:/juegos/arduino/buran/libraries/packages/arduino/tools/arm-none-eabi-gcc/4.8.3-2014q1/bin/../lib/gcc/arm-none-eabi/4.8.3/../../../../arm-none-eabi/lib/armv7-m\libg.a(lib_a-fini.o)
                0x0008351c                __libc_fini_array
 .text._fputwc_r
                0x0008354c       0xc0 c:/juegos/arduino/buran/libraries/packages/arduino/tools/arm-none-eabi-gcc/4.8.3-2014q1/bin/../lib/gcc/arm-none-eabi/4.8.3/../../../../arm-none-eabi/lib/armv7-m\libg.a(lib_a-fputwc.o)
                0x0008354c                _fputwc_r
 .text._malloc_trim_r
                0x0008360c       0x9c c:/juegos/arduino/buran/libraries/packages/arduino/tools/arm-none-eabi-gcc/4.8.3-2014q1/bin/../lib/gcc/arm-none-eabi/4.8.3/../../../../arm-none-eabi/lib/armv7-m\libg.a(lib_a-freer.o)
                0x0008360c                _malloc_trim_r
 .text._free_r  0x000836a8      0x198 c:/juegos/arduino/buran/libraries/packages/arduino/tools/arm-none-eabi-gcc/4.8.3-2014q1/bin/../lib/gcc/arm-none-eabi/4.8.3/../../../../arm-none-eabi/lib/armv7-m\libg.a(lib_a-freer.o)
                0x000836a8                _free_r
 .text.__sfvwrite_r
                0x00083840      0x314 c:/juegos/arduino/buran/libraries/packages/arduino/tools/arm-none-eabi-gcc/4.8.3-2014q1/bin/../lib/gcc/arm-none-eabi/4.8.3/../../../../arm-none-eabi/lib/armv7-m\libg.a(lib_a-fvwrite.o)
                0x00083840                __sfvwrite_r
 .text._fwalk   0x00083b54       0x48 c:/juegos/arduino/buran/libraries/packages/arduino/tools/arm-none-eabi-gcc/4.8.3-2014q1/bin/../lib/gcc/arm-none-eabi/4.8.3/../../../../arm-none-eabi/lib/armv7-m\libg.a(lib_a-fwalk.o)
                0x00083b54                _fwalk
 .text.__locale_charset
                0x00083b9c        0x8 c:/juegos/arduino/buran/libraries/packages/arduino/tools/arm-none-eabi-gcc/4.8.3-2014q1/bin/../lib/gcc/arm-none-eabi/4.8.3/../../../../arm-none-eabi/lib/armv7-m\libg.a(lib_a-locale.o)
                0x00083b9c                __locale_charset
 .text.__locale_mb_cur_max
                0x00083ba4        0xc c:/juegos/arduino/buran/libraries/packages/arduino/tools/arm-none-eabi-gcc/4.8.3-2014q1/bin/../lib/gcc/arm-none-eabi/4.8.3/../../../../arm-none-eabi/lib/armv7-m\libg.a(lib_a-locale.o)
                0x00083ba4                __locale_mb_cur_max
 .text.__smakebuf_r
                0x00083bb0       0xe0 c:/juegos/arduino/buran/libraries/packages/arduino/tools/arm-none-eabi-gcc/4.8.3-2014q1/bin/../lib/gcc/arm-none-eabi/4.8.3/../../../../arm-none-eabi/lib/armv7-m\libg.a(lib_a-makebuf.o)
                0x00083bb0                __smakebuf_r
 .text._malloc_r
                0x00083c90      0x538 c:/juegos/arduino/buran/libraries/packages/arduino/tools/arm-none-eabi-gcc/4.8.3-2014q1/bin/../lib/gcc/arm-none-eabi/4.8.3/../../../../arm-none-eabi/lib/armv7-m\libg.a(lib_a-mallocr.o)
                0x00083c90                _malloc_r
 .text.memchr   0x000841c8       0x94 c:/juegos/arduino/buran/libraries/packages/arduino/tools/arm-none-eabi-gcc/4.8.3-2014q1/bin/../lib/gcc/arm-none-eabi/4.8.3/../../../../arm-none-eabi/lib/armv7-m\libg.a(lib_a-memchr-stub.o)
                0x000841c8                memchr
 .text          0x0008425c       0xec c:/juegos/arduino/buran/libraries/packages/arduino/tools/arm-none-eabi-gcc/4.8.3-2014q1/bin/../lib/gcc/arm-none-eabi/4.8.3/../../../../arm-none-eabi/lib/armv7-m\libg.a(lib_a-memcpy.o)
                0x0008425c                memcpy
 .text.memmove  0x00084348       0xcc c:/juegos/arduino/buran/libraries/packages/arduino/tools/arm-none-eabi-gcc/4.8.3-2014q1/bin/../lib/gcc/arm-none-eabi/4.8.3/../../../../arm-none-eabi/lib/armv7-m\libg.a(lib_a-memmove.o)
                0x00084348                memmove
 .text.__malloc_lock
                0x00084414        0x4 c:/juegos/arduino/buran/libraries/packages/arduino/tools/arm-none-eabi-gcc/4.8.3-2014q1/bin/../lib/gcc/arm-none-eabi/4.8.3/../../../../arm-none-eabi/lib/armv7-m\libg.a(lib_a-mlock.o)
                0x00084414                __malloc_lock
 .text.__malloc_unlock
                0x00084418        0x4 c:/juegos/arduino/buran/libraries/packages/arduino/tools/arm-none-eabi-gcc/4.8.3-2014q1/bin/../lib/gcc/arm-none-eabi/4.8.3/../../../../arm-none-eabi/lib/armv7-m\libg.a(lib_a-mlock.o)
                0x00084418                __malloc_unlock
 .text._realloc_r
                0x0008441c      0x3c0 c:/juegos/arduino/buran/libraries/packages/arduino/tools/arm-none-eabi-gcc/4.8.3-2014q1/bin/../lib/gcc/arm-none-eabi/4.8.3/../../../../arm-none-eabi/lib/armv7-m\libg.a(lib_a-reallocr.o)
                0x0008441c                _realloc_r
 .text._sbrk_r  0x000847dc       0x24 c:/juegos/arduino/buran/libraries/packages/arduino/tools/arm-none-eabi-gcc/4.8.3-2014q1/bin/../lib/gcc/arm-none-eabi/4.8.3/../../../../arm-none-eabi/lib/armv7-m\libg.a(lib_a-sbrkr.o)
                0x000847dc                _sbrk_r
 .text._raise_r
                0x00084800       0x58 c:/juegos/arduino/buran/libraries/packages/arduino/tools/arm-none-eabi-gcc/4.8.3-2014q1/bin/../lib/gcc/arm-none-eabi/4.8.3/../../../../arm-none-eabi/lib/armv7-m\libg.a(lib_a-signal.o)
                0x00084800                _raise_r
 .text.raise    0x00084858       0x10 c:/juegos/arduino/buran/libraries/packages/arduino/tools/arm-none-eabi-gcc/4.8.3-2014q1/bin/../lib/gcc/arm-none-eabi/4.8.3/../../../../arm-none-eabi/lib/armv7-m\libg.a(lib_a-signal.o)
                0x00084858                raise
 .text._kill_r  0x00084868       0x28 c:/juegos/arduino/buran/libraries/packages/arduino/tools/arm-none-eabi-gcc/4.8.3-2014q1/bin/../lib/gcc/arm-none-eabi/4.8.3/../../../../arm-none-eabi/lib/armv7-m\libg.a(lib_a-signalr.o)
                0x00084868                _kill_r
 .text._getpid_r
                0x00084890        0x4 c:/juegos/arduino/buran/libraries/packages/arduino/tools/arm-none-eabi-gcc/4.8.3-2014q1/bin/../lib/gcc/arm-none-eabi/4.8.3/../../../../arm-none-eabi/lib/armv7-m\libg.a(lib_a-signalr.o)
                0x00084890                _getpid_r
 .text.__sread  0x00084894       0x24 c:/juegos/arduino/buran/libraries/packages/arduino/tools/arm-none-eabi-gcc/4.8.3-2014q1/bin/../lib/gcc/arm-none-eabi/4.8.3/../../../../arm-none-eabi/lib/armv7-m\libg.a(lib_a-stdio.o)
                0x00084894                __sread
 .text.__swrite
                0x000848b8       0x38 c:/juegos/arduino/buran/libraries/packages/arduino/tools/arm-none-eabi-gcc/4.8.3-2014q1/bin/../lib/gcc/arm-none-eabi/4.8.3/../../../../arm-none-eabi/lib/armv7-m\libg.a(lib_a-stdio.o)
                0x000848b8                __swrite
 .text.__sseek  0x000848f0       0x20 c:/juegos/arduino/buran/libraries/packages/arduino/tools/arm-none-eabi-gcc/4.8.3-2014q1/bin/../lib/gcc/arm-none-eabi/4.8.3/../../../../arm-none-eabi/lib/armv7-m\libg.a(lib_a-stdio.o)
                0x000848f0                __sseek
 .text.__sclose
                0x00084910        0x8 c:/juegos/arduino/buran/libraries/packages/arduino/tools/arm-none-eabi-gcc/4.8.3-2014q1/bin/../lib/gcc/arm-none-eabi/4.8.3/../../../../arm-none-eabi/lib/armv7-m\libg.a(lib_a-stdio.o)
                0x00084910                __sclose
 .text.__swbuf_r
                0x00084918       0xa8 c:/juegos/arduino/buran/libraries/packages/arduino/tools/arm-none-eabi-gcc/4.8.3-2014q1/bin/../lib/gcc/arm-none-eabi/4.8.3/../../../../arm-none-eabi/lib/armv7-m\libg.a(lib_a-wbuf.o)
                0x00084918                __swbuf_r
 .text._wcrtomb_r
                0x000849c0       0x50 c:/juegos/arduino/buran/libraries/packages/arduino/tools/arm-none-eabi-gcc/4.8.3-2014q1/bin/../lib/gcc/arm-none-eabi/4.8.3/../../../../arm-none-eabi/lib/armv7-m\libg.a(lib_a-wcrtomb.o)
                0x000849c0                _wcrtomb_r
 .text.__ascii_wctomb
                0x00084a10       0x1c c:/juegos/arduino/buran/libraries/packages/arduino/tools/arm-none-eabi-gcc/4.8.3-2014q1/bin/../lib/gcc/arm-none-eabi/4.8.3/../../../../arm-none-eabi/lib/armv7-m\libg.a(lib_a-wctomb_r.o)
                0x00084a10                __ascii_wctomb
 .text._write_r
                0x00084a2c       0x28 c:/juegos/arduino/buran/libraries/packages/arduino/tools/arm-none-eabi-gcc/4.8.3-2014q1/bin/../lib/gcc/arm-none-eabi/4.8.3/../../../../arm-none-eabi/lib/armv7-m\libg.a(lib_a-writer.o)
                0x00084a2c                _write_r
 .text.__register_exitproc
                0x00084a54       0xa8 c:/juegos/arduino/buran/libraries/packages/arduino/tools/arm-none-eabi-gcc/4.8.3-2014q1/bin/../lib/gcc/arm-none-eabi/4.8.3/../../../../arm-none-eabi/lib/armv7-m\libg.a(lib_a-__atexit.o)
                0x00084a54                __register_exitproc
 .text._close_r
                0x00084afc       0x24 c:/juegos/arduino/buran/libraries/packages/arduino/tools/arm-none-eabi-gcc/4.8.3-2014q1/bin/../lib/gcc/arm-none-eabi/4.8.3/../../../../arm-none-eabi/lib/armv7-m\libg.a(lib_a-closer.o)
                0x00084afc                _close_r
 .text._fclose_r
                0x00084b20       0x80 c:/juegos/arduino/buran/libraries/packages/arduino/tools/arm-none-eabi-gcc/4.8.3-2014q1/bin/../lib/gcc/arm-none-eabi/4.8.3/../../../../arm-none-eabi/lib/armv7-m\libg.a(lib_a-fclose.o)
                0x00084b20                _fclose_r
 .text.fclose   0x00084ba0       0x10 c:/juegos/arduino/buran/libraries/packages/arduino/tools/arm-none-eabi-gcc/4.8.3-2014q1/bin/../lib/gcc/arm-none-eabi/4.8.3/../../../../arm-none-eabi/lib/armv7-m\libg.a(lib_a-fclose.o)
                0x00084ba0                fclose
 .text._fstat_r
                0x00084bb0       0x28 c:/juegos/arduino/buran/libraries/packages/arduino/tools/arm-none-eabi-gcc/4.8.3-2014q1/bin/../lib/gcc/arm-none-eabi/4.8.3/../../../../arm-none-eabi/lib/armv7-m\libg.a(lib_a-fstatr.o)
                0x00084bb0                _fstat_r
 .text._isatty_r
                0x00084bd8       0x24 c:/juegos/arduino/buran/libraries/packages/arduino/tools/arm-none-eabi-gcc/4.8.3-2014q1/bin/../lib/gcc/arm-none-eabi/4.8.3/../../../../arm-none-eabi/lib/armv7-m\libg.a(lib_a-isattyr.o)
                0x00084bd8                _isatty_r
 .text._lseek_r
                0x00084bfc       0x28 c:/juegos/arduino/buran/libraries/packages/arduino/tools/arm-none-eabi-gcc/4.8.3-2014q1/bin/../lib/gcc/arm-none-eabi/4.8.3/../../../../arm-none-eabi/lib/armv7-m\libg.a(lib_a-lseekr.o)
                0x00084bfc                _lseek_r
 .text._read_r  0x00084c24       0x28 c:/juegos/arduino/buran/libraries/packages/arduino/tools/arm-none-eabi-gcc/4.8.3-2014q1/bin/../lib/gcc/arm-none-eabi/4.8.3/../../../../arm-none-eabi/lib/armv7-m\libg.a(lib_a-readr.o)
                0x00084c24                _read_r
 .text          0x00084c4c       0x2c c:/juegos/arduino/buran/libraries/packages/arduino/tools/arm-none-eabi-gcc/4.8.3-2014q1/bin/../lib/gcc/arm-none-eabi/4.8.3/armv7-m\libgcc.a(_aeabi_uldivmod.o)
                0x00084c4c                __aeabi_uldivmod
 .text          0x00084c78       0x60 c:/juegos/arduino/buran/libraries/packages/arduino/tools/arm-none-eabi-gcc/4.8.3-2014q1/bin/../lib/gcc/arm-none-eabi/4.8.3/armv7-m\libgcc.a(bpabi.o)
                0x00084c78                __gnu_ldivmod_helper
                0x00084ca8                __gnu_uldivmod_helper
 .text          0x00084cd8        0x4 c:/juegos/arduino/buran/libraries/packages/arduino/tools/arm-none-eabi-gcc/4.8.3-2014q1/bin/../lib/gcc/arm-none-eabi/4.8.3/armv7-m\libgcc.a(_dvmd_tls.o)
                0x00084cd8                __aeabi_idiv0
                0x00084cd8                __aeabi_ldiv0
 .text          0x00084cdc      0x2a0 c:/juegos/arduino/buran/libraries/packages/arduino/tools/arm-none-eabi-gcc/4.8.3-2014q1/bin/../lib/gcc/arm-none-eabi/4.8.3/armv7-m\libgcc.a(_divdi3.o)
                0x00084cdc                __divdi3
 .text          0x00084f7c      0x290 c:/juegos/arduino/buran/libraries/packages/arduino/tools/arm-none-eabi-gcc/4.8.3-2014q1/bin/../lib/gcc/arm-none-eabi/4.8.3/armv7-m\libgcc.a(_udivdi3.o)
                0x00084f7c                __udivdi3
 *(.glue_7t)
 .glue_7t       0x00000000        0x0 linker stubs
 *(.glue_7)
 .glue_7        0x00000000        0x0 linker stubs
 *(.rodata .rodata* .gnu.linkonce.r.*)
 .rodata.str1.1
                0x0008520c       0xc1 C:\Users\ray-o\AppData\Local\Temp\VMBuilds\Escaner_direcciones_I2C\arduino_due_x_dbg\Escaner_direcciones_I2C.cpp.o
                                 0xc3 (size before relaxing)
 *fill*         0x000852cd        0x3 
 .rodata._ZTV7TwoWire
                0x000852d0       0x20 C:\Users\ray-o\AppData\Local\Temp\VMBuilds\Escaner_direcciones_I2C\arduino_due_x_dbg\Wire\Wire.cpp.o
                0x000852d0                vtable for TwoWire
 .rodata.g_APinDescription
                0x000852f0      0xa2c C:\Users\ray-o\AppData\Local\Temp\VMBuilds\Escaner_direcciones_I2C\arduino_due_x_dbg\variant\variant.cpp.o
                0x000852f0                g_APinDescription
 .rodata.__func__.7227
                0x00085d1c        0xe C:\Juegos\Arduino\Buran\libraries\packages\arduino\hardware\sam\1.6.9\variants\arduino_due_x/libsam_sam3x8e_gcc_rel.a(twi.o)
 .rodata.__func__.7157
                0x00085d2a        0xd C:\Juegos\Arduino\Buran\libraries\packages\arduino\hardware\sam\1.6.9\variants\arduino_due_x/libsam_sam3x8e_gcc_rel.a(twi.o)
 .rodata.__func__.7208
                0x00085d37        0xf C:\Juegos\Arduino\Buran\libraries\packages\arduino\hardware\sam\1.6.9\variants\arduino_due_x/libsam_sam3x8e_gcc_rel.a(twi.o)
 .rodata.__func__.7176
                0x00085d46        0xc C:\Juegos\Arduino\Buran\libraries\packages\arduino\hardware\sam\1.6.9\variants\arduino_due_x/libsam_sam3x8e_gcc_rel.a(twi.o)
 .rodata.str1.1
                0x00085d52       0xb4 C:\Juegos\Arduino\Buran\libraries\packages\arduino\hardware\sam\1.6.9\variants\arduino_due_x/libsam_sam3x8e_gcc_rel.a(twi.o)
 .rodata.__func__.7184
                0x00085e06        0x9 C:\Juegos\Arduino\Buran\libraries\packages\arduino\hardware\sam\1.6.9\variants\arduino_due_x/libsam_sam3x8e_gcc_rel.a(twi.o)
 .rodata.__func__.7231
                0x00085e0f        0xe C:\Juegos\Arduino\Buran\libraries\packages\arduino\hardware\sam\1.6.9\variants\arduino_due_x/libsam_sam3x8e_gcc_rel.a(twi.o)
 .rodata.__func__.7195
                0x00085e1d        0xd C:\Juegos\Arduino\Buran\libraries\packages\arduino\hardware\sam\1.6.9\variants\arduino_due_x/libsam_sam3x8e_gcc_rel.a(twi.o)
 .rodata.__func__.7222
                0x00085e2a        0xd C:\Juegos\Arduino\Buran\libraries\packages\arduino\hardware\sam\1.6.9\variants\arduino_due_x/libsam_sam3x8e_gcc_rel.a(twi.o)
 .rodata.__func__.7200
                0x00085e37        0xe C:\Juegos\Arduino\Buran\libraries\packages\arduino\hardware\sam\1.6.9\variants\arduino_due_x/libsam_sam3x8e_gcc_rel.a(twi.o)
 .rodata.__func__.7151
                0x00085e45       0x14 C:\Juegos\Arduino\Buran\libraries\packages\arduino\hardware\sam\1.6.9\variants\arduino_due_x/libsam_sam3x8e_gcc_rel.a(twi.o)
 *fill*         0x00085e59        0x3 
 .rodata        0x00085e5c       0x40 C:\Juegos\Arduino\Buran\libraries\packages\arduino\hardware\sam\1.6.9\variants\arduino_due_x/libsam_sam3x8e_gcc_rel.a(adc.o)
 .rodata.str1.1
                0x00085e9c       0x19 C:\Users\ray-o\AppData\Local\Temp\VMBuilds\Escaner_direcciones_I2C\arduino_due_x_dbg/core.a(syscalls_sam3.c.o)
 .rodata.str1.1
                0x00085eb5        0xf C:\Users\ray-o\AppData\Local\Temp\VMBuilds\Escaner_direcciones_I2C\arduino_due_x_dbg/core.a(Print.cpp.o)
                                 0x11 (size before relaxing)
 *fill*         0x00085ec4        0x4 
 .rodata._ZTV9UARTClass
                0x00085ec8       0x30 C:\Users\ray-o\AppData\Local\Temp\VMBuilds\Escaner_direcciones_I2C\arduino_due_x_dbg/core.a(UARTClass.cpp.o)
                0x00085ec8                vtable for UARTClass
 .rodata._ZTV10USARTClass
                0x00085ef8       0x30 C:\Users\ray-o\AppData\Local\Temp\VMBuilds\Escaner_direcciones_I2C\arduino_due_x_dbg/core.a(USARTClass.cpp.o)
                0x00085ef8                vtable for USARTClass
 .rodata.STRING_PRODUCT
                0x00085f28        0xc C:\Users\ray-o\AppData\Local\Temp\VMBuilds\Escaner_direcciones_I2C\arduino_due_x_dbg/core.a(USBCore.cpp.o)
                0x00085f28                STRING_PRODUCT
 .rodata.USB_DeviceDescriptor
                0x00085f34       0x12 C:\Users\ray-o\AppData\Local\Temp\VMBuilds\Escaner_direcciones_I2C\arduino_due_x_dbg/core.a(USBCore.cpp.o)
                0x00085f34                USB_DeviceDescriptor
 .rodata.STRING_LANGUAGE
                0x00085f46        0x4 C:\Users\ray-o\AppData\Local\Temp\VMBuilds\Escaner_direcciones_I2C\arduino_due_x_dbg/core.a(USBCore.cpp.o)
                0x00085f46                STRING_LANGUAGE
 .rodata._ZL18test_packet_buffer
                0x00085f4a       0x35 C:\Users\ray-o\AppData\Local\Temp\VMBuilds\Escaner_direcciones_I2C\arduino_due_x_dbg/core.a(USBCore.cpp.o)
 .rodata.STRING_MANUFACTURER
                0x00085f7f        0xc C:\Users\ray-o\AppData\Local\Temp\VMBuilds\Escaner_direcciones_I2C\arduino_due_x_dbg/core.a(USBCore.cpp.o)
                0x00085f7f                STRING_MANUFACTURER
 .rodata.USB_DeviceDescriptorA
                0x00085f8b       0x12 C:\Users\ray-o\AppData\Local\Temp\VMBuilds\Escaner_direcciones_I2C\arduino_due_x_dbg/core.a(USBCore.cpp.o)
                0x00085f8b                USB_DeviceDescriptorA
 .rodata._ZL19USB_DeviceQualifier
                0x00085f9d        0x9 C:\Users\ray-o\AppData\Local\Temp\VMBuilds\Escaner_direcciones_I2C\arduino_due_x_dbg/core.a(USBCore.cpp.o)
 *fill*         0x00085fa6        0x2 
 .rodata._ZTV7Serial_
                0x00085fa8       0x28 C:\Users\ray-o\AppData\Local\Temp\VMBuilds\Escaner_direcciones_I2C\arduino_due_x_dbg/core.a(CDC.cpp.o)
                0x00085fa8                vtable for Serial_
 .rodata._ZL18_cdcOtherInterface
                0x00085fd0       0x42 C:\Users\ray-o\AppData\Local\Temp\VMBuilds\Escaner_direcciones_I2C\arduino_due_x_dbg/core.a(CDC.cpp.o)
 .rodata._ZL13_cdcInterface
                0x00086012       0x42 C:\Users\ray-o\AppData\Local\Temp\VMBuilds\Escaner_direcciones_I2C\arduino_due_x_dbg/core.a(CDC.cpp.o)
 .rodata.str1.4
                0x00086054       0x3f c:/juegos/arduino/buran/libraries/packages/arduino/tools/arm-none-eabi-gcc/4.8.3-2014q1/bin/../lib/gcc/arm-none-eabi/4.8.3/../../../../arm-none-eabi/lib/armv7-m\libg.a(lib_a-assert.o)
                                 0x44 (size before relaxing)
 *fill*         0x00086093        0x1 
 .rodata.str1.4
                0x00086094        0x2 c:/juegos/arduino/buran/libraries/packages/arduino/tools/arm-none-eabi-gcc/4.8.3-2014q1/bin/../lib/gcc/arm-none-eabi/4.8.3/../../../../arm-none-eabi/lib/armv7-m\libg.a(lib_a-impure.o)
                                  0x4 (size before relaxing)
 *fill*         0x00086096        0x2 
 .rodata._global_impure_ptr
                0x00086098        0x4 c:/juegos/arduino/buran/libraries/packages/arduino/tools/arm-none-eabi-gcc/4.8.3-2014q1/bin/../lib/gcc/arm-none-eabi/4.8.3/../../../../arm-none-eabi/lib/armv7-m\libg.a(lib_a-impure.o)
                0x00086098                _global_impure_ptr
 .rodata.blanks.6717
                0x0008609c       0x10 c:/juegos/arduino/buran/libraries/packages/arduino/tools/arm-none-eabi-gcc/4.8.3-2014q1/bin/../lib/gcc/arm-none-eabi/4.8.3/../../../../arm-none-eabi/lib/armv7-m\libg.a(lib_a-vfiprintf.o)
 .rodata.str1.4
                0x000860ac       0x30 c:/juegos/arduino/buran/libraries/packages/arduino/tools/arm-none-eabi-gcc/4.8.3-2014q1/bin/../lib/gcc/arm-none-eabi/4.8.3/../../../../arm-none-eabi/lib/armv7-m\libg.a(lib_a-vfiprintf.o)
 .rodata.zeroes.6718
                0x000860dc       0x10 c:/juegos/arduino/buran/libraries/packages/arduino/tools/arm-none-eabi-gcc/4.8.3-2014q1/bin/../lib/gcc/arm-none-eabi/4.8.3/../../../../arm-none-eabi/lib/armv7-m\libg.a(lib_a-vfiprintf.o)
 *(.ARM.extab* .gnu.linkonce.armextab.*)
                0x000860ec                . = ALIGN (0x4)
 *(.init)
 .init          0x000860ec        0x4 c:/juegos/arduino/buran/libraries/packages/arduino/tools/arm-none-eabi-gcc/4.8.3-2014q1/bin/../lib/gcc/arm-none-eabi/4.8.3/armv7-m/crti.o
                0x000860ec                _init
 .init          0x000860f0        0x8 c:/juegos/arduino/buran/libraries/packages/arduino/tools/arm-none-eabi-gcc/4.8.3-2014q1/bin/../lib/gcc/arm-none-eabi/4.8.3/armv7-m/crtn.o
                0x000860f8                . = ALIGN (0x4)
                0x000860f8                __preinit_array_start = .
 *(.preinit_array)
                0x000860f8                __preinit_array_end = .
                0x000860f8                . = ALIGN (0x4)
                0x000860f8                __init_array_start = .
 *(SORT(.init_array.*))
 .init_array.00000
                0x000860f8        0x4 c:/juegos/arduino/buran/libraries/packages/arduino/tools/arm-none-eabi-gcc/4.8.3-2014q1/bin/../lib/gcc/arm-none-eabi/4.8.3/../../../../arm-none-eabi/lib/armv7-m\libg.a(lib_a-__call_atexit.o)
 *(.init_array)
 .init_array    0x000860fc        0x4 c:/juegos/arduino/buran/libraries/packages/arduino/tools/arm-none-eabi-gcc/4.8.3-2014q1/bin/../lib/gcc/arm-none-eabi/4.8.3/armv7-m/crtbegin.o
 .init_array    0x00086100        0x4 C:\Users\ray-o\AppData\Local\Temp\VMBuilds\Escaner_direcciones_I2C\arduino_due_x_dbg\Wire\Wire.cpp.o
 .init_array    0x00086104        0x4 C:\Users\ray-o\AppData\Local\Temp\VMBuilds\Escaner_direcciones_I2C\arduino_due_x_dbg\variant\variant.cpp.o
 .init_array    0x00086108        0x4 C:\Users\ray-o\AppData\Local\Temp\VMBuilds\Escaner_direcciones_I2C\arduino_due_x_dbg/core.a(USBCore.cpp.o)
 .init_array    0x0008610c        0x4 C:\Users\ray-o\AppData\Local\Temp\VMBuilds\Escaner_direcciones_I2C\arduino_due_x_dbg/core.a(CDC.cpp.o)
                0x00086110                __init_array_end = .
                0x00086110                . = ALIGN (0x4)
 *crtbegin.o(.ctors)
 *(EXCLUDE_FILE(*crtend.o) .ctors)
 *(SORT(.ctors.*))
 *crtend.o(.ctors)
                0x00086110                . = ALIGN (0x4)
 *(.fini)
 .fini          0x00086110        0x4 c:/juegos/arduino/buran/libraries/packages/arduino/tools/arm-none-eabi-gcc/4.8.3-2014q1/bin/../lib/gcc/arm-none-eabi/4.8.3/armv7-m/crti.o
                0x00086110                _fini
 .fini          0x00086114        0x8 c:/juegos/arduino/buran/libraries/packages/arduino/tools/arm-none-eabi-gcc/4.8.3-2014q1/bin/../lib/gcc/arm-none-eabi/4.8.3/armv7-m/crtn.o
                0x0008611c                . = ALIGN (0x4)
                0x0008611c                __fini_array_start = .
 *(.fini_array)
 .fini_array    0x0008611c        0x4 c:/juegos/arduino/buran/libraries/packages/arduino/tools/arm-none-eabi-gcc/4.8.3-2014q1/bin/../lib/gcc/arm-none-eabi/4.8.3/armv7-m/crtbegin.o
 *(SORT(.fini_array.*))
                0x00086120                __fini_array_end = .
 *crtbegin.o(.dtors)
 *(EXCLUDE_FILE(*crtend.o) .dtors)
 *(SORT(.dtors.*))
 *crtend.o(.dtors)
                0x00086120                . = ALIGN (0x4)
                0x00086120                _efixed = .
                0x00086120                PROVIDE (__exidx_start, .)

.vfp11_veneer   0x00086120        0x0
 .vfp11_veneer  0x00000000        0x0 linker stubs

.v4_bx          0x00086120        0x0
 .v4_bx         0x00000000        0x0 linker stubs

.iplt           0x00086120        0x0
 .iplt          0x00000000        0x0 c:/juegos/arduino/buran/libraries/packages/arduino/tools/arm-none-eabi-gcc/4.8.3-2014q1/bin/../lib/gcc/arm-none-eabi/4.8.3/armv7-m/crtbegin.o

.ARM.exidx      0x00086120        0x8
 *(.ARM.exidx* .gnu.linkonce.armexidx.*)
 .ARM.exidx     0x00086120        0x8 c:/juegos/arduino/buran/libraries/packages/arduino/tools/arm-none-eabi-gcc/4.8.3-2014q1/bin/../lib/gcc/arm-none-eabi/4.8.3/armv7-m\libgcc.a(_divdi3.o)
 .ARM.exidx     0x00086128        0x0 c:/juegos/arduino/buran/libraries/packages/arduino/tools/arm-none-eabi-gcc/4.8.3-2014q1/bin/../lib/gcc/arm-none-eabi/4.8.3/armv7-m\libgcc.a(_udivdi3.o)
                                  0x8 (size before relaxing)
                0x00086128                PROVIDE (__exidx_end, .)

.eh_frame       0x00086128        0x0
 .eh_frame      0x00086128        0x0 c:/juegos/arduino/buran/libraries/packages/arduino/tools/arm-none-eabi-gcc/4.8.3-2014q1/bin/../lib/gcc/arm-none-eabi/4.8.3/armv7-m/crtbegin.o

.rel.dyn        0x00086128        0x0
 .rel.iplt      0x00000000        0x0 c:/juegos/arduino/buran/libraries/packages/arduino/tools/arm-none-eabi-gcc/4.8.3-2014q1/bin/../lib/gcc/arm-none-eabi/4.8.3/armv7-m/crtbegin.o

.jcr            0x00086128        0x0
 .jcr           0x00086128        0x0 c:/juegos/arduino/buran/libraries/packages/arduino/tools/arm-none-eabi-gcc/4.8.3-2014q1/bin/../lib/gcc/arm-none-eabi/4.8.3/armv7-m/crtbegin.o

.igot.plt       0x00086128        0x0
 .igot.plt      0x00000000        0x0 c:/juegos/arduino/buran/libraries/packages/arduino/tools/arm-none-eabi-gcc/4.8.3-2014q1/bin/../lib/gcc/arm-none-eabi/4.8.3/armv7-m/crtbegin.o
                0x00086128                . = ALIGN (0x4)
                0x00086128                _etext = .

.relocate       0x20070000      0x8d4 load address 0x00086128
                0x20070000                . = ALIGN (0x4)
                0x20070000                _srelocate = .
 *(.ramfunc .ramfunc.*)
 .ramfunc       0x20070000       0x2c C:\Users\ray-o\AppData\Local\Temp\VMBuilds\Escaner_direcciones_I2C\arduino_due_x_dbg/core.a(Reset.cpp.o)
                0x20070000                banzai
 *(.data .data.*)
 .data.SystemCoreClock
                0x2007002c        0x4 C:\Juegos\Arduino\Buran\libraries\packages\arduino\hardware\sam\1.6.9\variants\arduino_due_x/libsam_sam3x8e_gcc_rel.a(system_sam3xa.o)
                0x2007002c                SystemCoreClock
 .data._ZL5ticks
                0x20070030        0x4 C:\Users\ray-o\AppData\Local\Temp\VMBuilds\Escaner_direcciones_I2C\arduino_due_x_dbg/core.a(Reset.cpp.o)
 .data.EndPoints
                0x20070034       0x28 C:\Users\ray-o\AppData\Local\Temp\VMBuilds\Escaner_direcciones_I2C\arduino_due_x_dbg/core.a(USBCore.cpp.o)
                0x20070034                EndPoints
 .data._ZL10breakValue
                0x2007005c        0x4 C:\Users\ray-o\AppData\Local\Temp\VMBuilds\Escaner_direcciones_I2C\arduino_due_x_dbg/core.a(CDC.cpp.o)
 .data._ZL12_usbLineInfo
                0x20070060        0x8 C:\Users\ray-o\AppData\Local\Temp\VMBuilds\Escaner_direcciones_I2C\arduino_due_x_dbg/core.a(CDC.cpp.o)
 .data.g_interrupt_enabled
                0x20070068        0x4 C:\Juegos\Arduino\Buran\libraries\packages\arduino\hardware\sam\1.6.9\variants\arduino_due_x/libsam_sam3x8e_gcc_rel.a(interrupt_sam_nvic.o)
                0x20070068                g_interrupt_enabled
 *fill*         0x2007006c        0x4 
 .data.impure_data
                0x20070070      0x428 c:/juegos/arduino/buran/libraries/packages/arduino/tools/arm-none-eabi-gcc/4.8.3-2014q1/bin/../lib/gcc/arm-none-eabi/4.8.3/../../../../arm-none-eabi/lib/armv7-m\libg.a(lib_a-impure.o)
 .data._impure_ptr
                0x20070498        0x4 c:/juegos/arduino/buran/libraries/packages/arduino/tools/arm-none-eabi-gcc/4.8.3-2014q1/bin/../lib/gcc/arm-none-eabi/4.8.3/../../../../arm-none-eabi/lib/armv7-m\libg.a(lib_a-impure.o)
                0x20070498                _impure_ptr
 .data.lc_ctype_charset
                0x2007049c       0x20 c:/juegos/arduino/buran/libraries/packages/arduino/tools/arm-none-eabi-gcc/4.8.3-2014q1/bin/../lib/gcc/arm-none-eabi/4.8.3/../../../../arm-none-eabi/lib/armv7-m\libg.a(lib_a-locale.o)
 .data.__mb_cur_max
                0x200704bc        0x4 c:/juegos/arduino/buran/libraries/packages/arduino/tools/arm-none-eabi-gcc/4.8.3-2014q1/bin/../lib/gcc/arm-none-eabi/4.8.3/../../../../arm-none-eabi/lib/armv7-m\libg.a(lib_a-locale.o)
                0x200704bc                __mb_cur_max
 .data.__malloc_av_
                0x200704c0      0x408 c:/juegos/arduino/buran/libraries/packages/arduino/tools/arm-none-eabi-gcc/4.8.3-2014q1/bin/../lib/gcc/arm-none-eabi/4.8.3/../../../../arm-none-eabi/lib/armv7-m\libg.a(lib_a-mallocr.o)
                0x200704c0                __malloc_av_
 .data.__malloc_trim_threshold
                0x200708c8        0x4 c:/juegos/arduino/buran/libraries/packages/arduino/tools/arm-none-eabi-gcc/4.8.3-2014q1/bin/../lib/gcc/arm-none-eabi/4.8.3/../../../../arm-none-eabi/lib/armv7-m\libg.a(lib_a-mallocr.o)
                0x200708c8                __malloc_trim_threshold
 .data.__malloc_sbrk_base
                0x200708cc        0x4 c:/juegos/arduino/buran/libraries/packages/arduino/tools/arm-none-eabi-gcc/4.8.3-2014q1/bin/../lib/gcc/arm-none-eabi/4.8.3/../../../../arm-none-eabi/lib/armv7-m\libg.a(lib_a-mallocr.o)
                0x200708cc                __malloc_sbrk_base
 .data.__wctomb
                0x200708d0        0x4 c:/juegos/arduino/buran/libraries/packages/arduino/tools/arm-none-eabi-gcc/4.8.3-2014q1/bin/../lib/gcc/arm-none-eabi/4.8.3/../../../../arm-none-eabi/lib/armv7-m\libg.a(lib_a-wctomb_r.o)
                0x200708d0                __wctomb
                0x200708d4                . = ALIGN (0x4)
                0x200708d4                _erelocate = .

.bss            0x200708d4      0x950 load address 0x000869fc
                0x200708d4                . = ALIGN (0x4)
                0x200708d4                _sbss = .
                0x200708d4                _szero = .
 *(.bss .bss.*)
 .bss           0x200708d4       0x1c c:/juegos/arduino/buran/libraries/packages/arduino/tools/arm-none-eabi-gcc/4.8.3-2014q1/bin/../lib/gcc/arm-none-eabi/4.8.3/armv7-m/crtbegin.o
 .bss.Wire1     0x200708f0       0x94 C:\Users\ray-o\AppData\Local\Temp\VMBuilds\Escaner_direcciones_I2C\arduino_due_x_dbg\Wire\Wire.cpp.o
                0x200708f0                Wire1
 .bss.Wire      0x20070984       0x94 C:\Users\ray-o\AppData\Local\Temp\VMBuilds\Escaner_direcciones_I2C\arduino_due_x_dbg\Wire\Wire.cpp.o
                0x20070984                Wire
 .bss.tx_buffer2
                0x20070a18       0x88 C:\Users\ray-o\AppData\Local\Temp\VMBuilds\Escaner_direcciones_I2C\arduino_due_x_dbg\variant\variant.cpp.o
                0x20070a18                tx_buffer2
 .bss.tx_buffer1
                0x20070aa0       0x88 C:\Users\ray-o\AppData\Local\Temp\VMBuilds\Escaner_direcciones_I2C\arduino_due_x_dbg\variant\variant.cpp.o
                0x20070aa0                tx_buffer1
 .bss.Serial    0x20070b28       0x24 C:\Users\ray-o\AppData\Local\Temp\VMBuilds\Escaner_direcciones_I2C\arduino_due_x_dbg\variant\variant.cpp.o
                0x20070b28                Serial
 .bss.rx_buffer1
                0x20070b4c       0x88 C:\Users\ray-o\AppData\Local\Temp\VMBuilds\Escaner_direcciones_I2C\arduino_due_x_dbg\variant\variant.cpp.o
                0x20070b4c                rx_buffer1
 .bss.Serial1   0x20070bd4       0x28 C:\Users\ray-o\AppData\Local\Temp\VMBuilds\Escaner_direcciones_I2C\arduino_due_x_dbg\variant\variant.cpp.o
                0x20070bd4                Serial1
 .bss.Serial2   0x20070bfc       0x28 C:\Users\ray-o\AppData\Local\Temp\VMBuilds\Escaner_direcciones_I2C\arduino_due_x_dbg\variant\variant.cpp.o
                0x20070bfc                Serial2
 .bss.Serial3   0x20070c24       0x28 C:\Users\ray-o\AppData\Local\Temp\VMBuilds\Escaner_direcciones_I2C\arduino_due_x_dbg\variant\variant.cpp.o
                0x20070c24                Serial3
 .bss.tx_buffer3
                0x20070c4c       0x88 C:\Users\ray-o\AppData\Local\Temp\VMBuilds\Escaner_direcciones_I2C\arduino_due_x_dbg\variant\variant.cpp.o
                0x20070c4c                tx_buffer3
 .bss.tx_buffer4
                0x20070cd4       0x88 C:\Users\ray-o\AppData\Local\Temp\VMBuilds\Escaner_direcciones_I2C\arduino_due_x_dbg\variant\variant.cpp.o
                0x20070cd4                tx_buffer4
 .bss.g_pinStatus
                0x20070d5c       0x4f C:\Users\ray-o\AppData\Local\Temp\VMBuilds\Escaner_direcciones_I2C\arduino_due_x_dbg\variant\variant.cpp.o
                0x20070d5c                g_pinStatus
 *fill*         0x20070dab        0x1 
 .bss.rx_buffer2
                0x20070dac       0x88 C:\Users\ray-o\AppData\Local\Temp\VMBuilds\Escaner_direcciones_I2C\arduino_due_x_dbg\variant\variant.cpp.o
                0x20070dac                rx_buffer2
 .bss.rx_buffer3
                0x20070e34       0x88 C:\Users\ray-o\AppData\Local\Temp\VMBuilds\Escaner_direcciones_I2C\arduino_due_x_dbg\variant\variant.cpp.o
                0x20070e34                rx_buffer3
 .bss.rx_buffer4
                0x20070ebc       0x88 C:\Users\ray-o\AppData\Local\Temp\VMBuilds\Escaner_direcciones_I2C\arduino_due_x_dbg\variant\variant.cpp.o
                0x20070ebc                rx_buffer4
 .bss.gpf_isr   0x20070f44        0x4 C:\Juegos\Arduino\Buran\libraries\packages\arduino\hardware\sam\1.6.9\variants\arduino_due_x/libsam_sam3x8e_gcc_rel.a(uotghs.o)
                0x20070f44                gpf_isr
 .bss.heap.6420
                0x20070f48        0x4 C:\Users\ray-o\AppData\Local\Temp\VMBuilds\Escaner_direcciones_I2C\arduino_due_x_dbg/core.a(syscalls_sam3.c.o)
 .bss._cmark    0x20070f4c        0x2 C:\Users\ray-o\AppData\Local\Temp\VMBuilds\Escaner_direcciones_I2C\arduino_due_x_dbg/core.a(USBCore.cpp.o)
                0x20070f4c                _cmark
 .bss._ZL14isEndpointHalt
                0x20070f4e        0x1 C:\Users\ray-o\AppData\Local\Temp\VMBuilds\Escaner_direcciones_I2C\arduino_due_x_dbg/core.a(USBCore.cpp.o)
 *fill*         0x20070f4f        0x1 
 .bss._cdcComposite
                0x20070f50        0x4 C:\Users\ray-o\AppData\Local\Temp\VMBuilds\Escaner_direcciones_I2C\arduino_due_x_dbg/core.a(USBCore.cpp.o)
                0x20070f50                _cdcComposite
 .bss._ZL21isRemoteWakeUpEnabled
                0x20070f54        0x1 C:\Users\ray-o\AppData\Local\Temp\VMBuilds\Escaner_direcciones_I2C\arduino_due_x_dbg/core.a(USBCore.cpp.o)
 *fill*         0x20070f55        0x3 
 .bss._usbInitialized
                0x20070f58        0x4 C:\Users\ray-o\AppData\Local\Temp\VMBuilds\Escaner_direcciones_I2C\arduino_due_x_dbg/core.a(USBCore.cpp.o)
                0x20070f58                _usbInitialized
 .bss.USBDevice
                0x20070f5c        0x1 C:\Users\ray-o\AppData\Local\Temp\VMBuilds\Escaner_direcciones_I2C\arduino_due_x_dbg/core.a(USBCore.cpp.o)
                0x20070f5c                USBDevice
 *fill*         0x20070f5d        0x3 
 .bss._usbSetInterface
                0x20070f60        0x4 C:\Users\ray-o\AppData\Local\Temp\VMBuilds\Escaner_direcciones_I2C\arduino_due_x_dbg/core.a(USBCore.cpp.o)
                0x20070f60                _usbSetInterface
 .bss._cend     0x20070f64        0x2 C:\Users\ray-o\AppData\Local\Temp\VMBuilds\Escaner_direcciones_I2C\arduino_due_x_dbg/core.a(USBCore.cpp.o)
                0x20070f64                _cend
 *fill*         0x20070f66        0x2 
 .bss._usbConfiguration
                0x20070f68        0x4 C:\Users\ray-o\AppData\Local\Temp\VMBuilds\Escaner_direcciones_I2C\arduino_due_x_dbg/core.a(USBCore.cpp.o)
                0x20070f68                _usbConfiguration
 .bss.cdc_rx_buffer
                0x20070f6c      0x208 C:\Users\ray-o\AppData\Local\Temp\VMBuilds\Escaner_direcciones_I2C\arduino_due_x_dbg/core.a(CDC.cpp.o)
                0x20070f6c                cdc_rx_buffer
 .bss._ZZN7Serial_6acceptEvE5guard
                0x20071174        0x4 C:\Users\ray-o\AppData\Local\Temp\VMBuilds\Escaner_direcciones_I2C\arduino_due_x_dbg/core.a(CDC.cpp.o)
 .bss.SerialUSB
                0x20071178       0x14 C:\Users\ray-o\AppData\Local\Temp\VMBuilds\Escaner_direcciones_I2C\arduino_due_x_dbg/core.a(CDC.cpp.o)
                0x20071178                SerialUSB
 .bss._ZZ12PluggableUSBvE3obj
                0x2007118c        0x8 C:\Users\ray-o\AppData\Local\Temp\VMBuilds\Escaner_direcciones_I2C\arduino_due_x_dbg/core.a(PluggableUSB.cpp.o)
 .bss._ZGVZ12PluggableUSBvE3obj
                0x20071194        0x4 C:\Users\ray-o\AppData\Local\Temp\VMBuilds\Escaner_direcciones_I2C\arduino_due_x_dbg/core.a(PluggableUSB.cpp.o)
 .bss._dwTickCount
                0x20071198        0x4 C:\Juegos\Arduino\Buran\libraries\packages\arduino\hardware\sam\1.6.9\variants\arduino_due_x/libsam_sam3x8e_gcc_rel.a(timetick.o)
 .bss.ul_recv_fifo_ptr
                0x2007119c       0x28 C:\Juegos\Arduino\Buran\libraries\packages\arduino\hardware\sam\1.6.9\variants\arduino_due_x/libsam_sam3x8e_gcc_rel.a(uotghs_device.o)
 .bss.ul_send_fifo_ptr
                0x200711c4       0x28 C:\Juegos\Arduino\Buran\libraries\packages\arduino\hardware\sam\1.6.9\variants\arduino_due_x/libsam_sam3x8e_gcc_rel.a(uotghs_device.o)
 .bss.__malloc_max_total_mem
                0x200711ec        0x4 c:/juegos/arduino/buran/libraries/packages/arduino/tools/arm-none-eabi-gcc/4.8.3-2014q1/bin/../lib/gcc/arm-none-eabi/4.8.3/../../../../arm-none-eabi/lib/armv7-m\libg.a(lib_a-mallocr.o)
                0x200711ec                __malloc_max_total_mem
 .bss.__malloc_max_sbrked_mem
                0x200711f0        0x4 c:/juegos/arduino/buran/libraries/packages/arduino/tools/arm-none-eabi-gcc/4.8.3-2014q1/bin/../lib/gcc/arm-none-eabi/4.8.3/../../../../arm-none-eabi/lib/armv7-m\libg.a(lib_a-mallocr.o)
                0x200711f0                __malloc_max_sbrked_mem
 .bss.__malloc_top_pad
                0x200711f4        0x4 c:/juegos/arduino/buran/libraries/packages/arduino/tools/arm-none-eabi-gcc/4.8.3-2014q1/bin/../lib/gcc/arm-none-eabi/4.8.3/../../../../arm-none-eabi/lib/armv7-m\libg.a(lib_a-mallocr.o)
                0x200711f4                __malloc_top_pad
 .bss.__malloc_current_mallinfo
                0x200711f8       0x28 c:/juegos/arduino/buran/libraries/packages/arduino/tools/arm-none-eabi-gcc/4.8.3-2014q1/bin/../lib/gcc/arm-none-eabi/4.8.3/../../../../arm-none-eabi/lib/armv7-m\libg.a(lib_a-mallocr.o)
                0x200711f8                __malloc_current_mallinfo
 *(COMMON)
 COMMON         0x20071220        0x4 c:/juegos/arduino/buran/libraries/packages/arduino/tools/arm-none-eabi-gcc/4.8.3-2014q1/bin/../lib/gcc/arm-none-eabi/4.8.3/../../../../arm-none-eabi/lib/armv7-m\libg.a(lib_a-reent.o)
                0x20071220                errno
                0x20071224                . = ALIGN (0x4)
                0x20071224                _ebss = .
                0x20071224                _ezero = .
                0x20071224                . = ALIGN (0x4)
                0x20071224                _end = .

.stack_dummy    0x20071224        0x0
 *(.stack*)
                0x20088000                __StackTop = (ORIGIN (ram) + 0x18000)
                0x20088000                __StackLimit = (__StackTop - SIZEOF (.stack_dummy))
                0x20088000                PROVIDE (_sstack, __StackLimit)
                0x20088000                PROVIDE (_estack, __StackTop)
OUTPUT(C:\Users\ray-o\AppData\Local\Temp\VMBuilds\Escaner_direcciones_I2C\arduino_due_x_dbg/Escaner_direcciones_I2C.ino.elf elf32-littlearm)

.ARM.attributes
                0x00000000       0x29
 .ARM.attributes
                0x00000000       0x1d c:/juegos/arduino/buran/libraries/packages/arduino/tools/arm-none-eabi-gcc/4.8.3-2014q1/bin/../lib/gcc/arm-none-eabi/4.8.3/armv7-m/crti.o
 .ARM.attributes
                0x0000001d       0x2d c:/juegos/arduino/buran/libraries/packages/arduino/tools/arm-none-eabi-gcc/4.8.3-2014q1/bin/../lib/gcc/arm-none-eabi/4.8.3/armv7-m/crtbegin.o
 .ARM.attributes
                0x0000004a       0x33 C:\Users\ray-o\AppData\Local\Temp\VMBuilds\Escaner_direcciones_I2C\arduino_due_x_dbg\Escaner_direcciones_I2C.cpp.o
 .ARM.attributes
                0x0000007d       0x33 C:\Users\ray-o\AppData\Local\Temp\VMBuilds\Escaner_direcciones_I2C\arduino_due_x_dbg\Wire\Wire.cpp.o
 .ARM.attributes
                0x000000b0       0x33 C:\Users\ray-o\AppData\Local\Temp\VMBuilds\Escaner_direcciones_I2C\arduino_due_x_dbg\variant\variant.cpp.o
 .ARM.attributes
                0x000000e3       0x33 C:\Juegos\Arduino\Buran\libraries\packages\arduino\hardware\sam\1.6.9\variants\arduino_due_x/libsam_sam3x8e_gcc_rel.a(pio.o)
 .ARM.attributes
                0x00000116       0x33 C:\Juegos\Arduino\Buran\libraries\packages\arduino\hardware\sam\1.6.9\variants\arduino_due_x/libsam_sam3x8e_gcc_rel.a(pmc.o)
 .ARM.attributes
                0x00000149       0x33 C:\Juegos\Arduino\Buran\libraries\packages\arduino\hardware\sam\1.6.9\variants\arduino_due_x/libsam_sam3x8e_gcc_rel.a(twi.o)
 .ARM.attributes
                0x0000017c       0x33 C:\Juegos\Arduino\Buran\libraries\packages\arduino\hardware\sam\1.6.9\variants\arduino_due_x/libsam_sam3x8e_gcc_rel.a(system_sam3xa.o)
 .ARM.attributes
                0x000001af       0x33 C:\Juegos\Arduino\Buran\libraries\packages\arduino\hardware\sam\1.6.9\variants\arduino_due_x/libsam_sam3x8e_gcc_rel.a(startup_sam3xa.o)
 .ARM.attributes
                0x000001e2       0x33 C:\Juegos\Arduino\Buran\libraries\packages\arduino\hardware\sam\1.6.9\variants\arduino_due_x/libsam_sam3x8e_gcc_rel.a(adc.o)
 .ARM.attributes
                0x00000215       0x33 C:\Juegos\Arduino\Buran\libraries\packages\arduino\hardware\sam\1.6.9\variants\arduino_due_x/libsam_sam3x8e_gcc_rel.a(uotghs.o)
 .ARM.attributes
                0x00000248       0x33 C:\Users\ray-o\AppData\Local\Temp\VMBuilds\Escaner_direcciones_I2C\arduino_due_x_dbg/core.a(cortex_handlers.c.o)
 .ARM.attributes
                0x0000027b       0x33 C:\Users\ray-o\AppData\Local\Temp\VMBuilds\Escaner_direcciones_I2C\arduino_due_x_dbg/core.a(hooks.c.o)
 .ARM.attributes
                0x000002ae       0x33 C:\Users\ray-o\AppData\Local\Temp\VMBuilds\Escaner_direcciones_I2C\arduino_due_x_dbg/core.a(syscalls_sam3.c.o)
 .ARM.attributes
                0x000002e1       0x33 C:\Users\ray-o\AppData\Local\Temp\VMBuilds\Escaner_direcciones_I2C\arduino_due_x_dbg/core.a(wiring.c.o)
 .ARM.attributes
                0x00000314       0x33 C:\Users\ray-o\AppData\Local\Temp\VMBuilds\Escaner_direcciones_I2C\arduino_due_x_dbg/core.a(wiring_analog.c.o)
 .ARM.attributes
                0x00000347       0x33 C:\Users\ray-o\AppData\Local\Temp\VMBuilds\Escaner_direcciones_I2C\arduino_due_x_dbg/core.a(wiring_digital.c.o)
 .ARM.attributes
                0x0000037a       0x33 C:\Users\ray-o\AppData\Local\Temp\VMBuilds\Escaner_direcciones_I2C\arduino_due_x_dbg/core.a(main.cpp.o)
 .ARM.attributes
                0x000003ad       0x33 C:\Users\ray-o\AppData\Local\Temp\VMBuilds\Escaner_direcciones_I2C\arduino_due_x_dbg/core.a(Print.cpp.o)
 .ARM.attributes
                0x000003e0       0x33 C:\Users\ray-o\AppData\Local\Temp\VMBuilds\Escaner_direcciones_I2C\arduino_due_x_dbg/core.a(Reset.cpp.o)
 .ARM.attributes
                0x00000413       0x33 C:\Users\ray-o\AppData\Local\Temp\VMBuilds\Escaner_direcciones_I2C\arduino_due_x_dbg/core.a(RingBuffer.cpp.o)
 .ARM.attributes